Component: ARM Compiler 5.06 update 4 (build 422) Tool: armlink [4d35d2]

==============================================================================

Section Cross References

    main.o(i.main) refers to segger_rtt_printf.o(i.SEGGER_RTT_printf) for SEGGER_RTT_printf
    main.o(i.main) refers to nrf51_tag_version.o(i.nrf51_tag_version_get_name) for nrf51_tag_version_get_name
    main.o(i.main) refers to nrf51_tag_version.o(i.nrf51_tag_version_get_version) for nrf51_tag_version_get_version
    main.o(i.main) refers to main.o(i.ml_active_tasks_idle) for ml_active_tasks_idle
    main.o(i.main) refers to nrf51_tag_initialize.o(i.nrf51_tag_initialize) for nrf51_tag_initialize
    main.o(i.main) refers to nrf51_tag_power_manage.o(i.power_manage) for power_manage
    main.o(i.main) refers to main.o(i.ml_clear_active_task) for ml_clear_active_task
    main.o(i.main) refers to main.o(.constdata) for CLEAR_SCREEN_STR
    main.o(i.main) refers to main.o(.data) for s_ActiveTasks
    main.o(i.ml_active_tasks_idle) refers to main.o(.data) for s_ActiveTasks
    main.o(i.ml_clear_active_task) refers to main.o(.data) for s_ActiveTasks
    main.o(i.ml_set_active_task) refers to main.o(.data) for s_ActiveTasks
    main.o(.constdata) refers to main.o(.conststring) for .conststring
    nrf51_tag_debug.o(i.bd_address) refers to segger_rtt_printf.o(i.SEGGER_RTT_printf) for SEGGER_RTT_printf
    nrf51_tag_debug.o(i.bd_address) refers to nrf51_tag_debug.o(.constdata) for CRLF
    nrf51_tag_debug.o(i.uart_hex_dump) refers to segger_rtt_printf.o(i.SEGGER_RTT_printf) for SEGGER_RTT_printf
    nrf51_tag_debug.o(i.uart_hex_dump) refers to nrf51_tag_debug.o(.constdata) for CRLF
    nrf51_tag_debug.o(.constdata) refers to nrf51_tag_debug.o(.conststring) for .conststring
    nrf51_tag_error.o(i.app_error_fault_handler) refers to nrf51_tag_error.o(i.nrf51_tag_app_error) for nrf51_tag_app_error
    nrf51_tag_error.o(i.nrf51_tag_app_error) refers to segger_rtt_printf.o(i.SEGGER_RTT_printf) for SEGGER_RTT_printf
    nrf51_tag_error.o(i.nrf51_tag_app_error) refers to nrf51_tag_power_manage.o(i.set_power_mode_off) for set_power_mode_off
    nrf51_tag_error.o(i.nrf51_tag_app_error) refers to nrf51_tag_power_manage.o(i.power_manage) for power_manage
    nrf51_tag_error.o(i.nrf51_tag_app_error) refers to nrf51_tag_error.o(.bss) for m_error_data
    nrf51_tag_version.o(i.nrf51_tag_version_get_name) refers to nrf51_tag_version.o(.constdata) for strAppName
    nrf51_tag_version.o(i.nrf51_tag_version_get_version) refers to nrf51_tag_version.o(.constdata) for strVersion
    nrf51_tag_version.o(i.nrf51_tag_version_get_version_length) refers to strlen.o(.text) for strlen
    nrf51_tag_version.o(i.nrf51_tag_version_get_version_length) refers to nrf51_tag_version.o(.constdata) for strVersion
    nrf51_tag_tx_power.o(i.nrf51_tag_get_tx_power) refers to nrf51_tag_tx_power.o(.data) for s_tx_power_level
    nrf51_tag_tx_power.o(i.nrf51_tag_set_tx_power) refers to segger_rtt_printf.o(i.SEGGER_RTT_printf) for SEGGER_RTT_printf
    nrf51_tag_tx_power.o(i.nrf51_tag_set_tx_power) refers to app_error.o(i.app_error_handler) for app_error_handler
    nrf51_tag_tx_power.o(i.nrf51_tag_set_tx_power) refers to nrf51_tag_tx_power.o(.constdata) for __PRETTY_FUNCTION__
    nrf51_tag_tx_power.o(i.nrf51_tag_set_tx_power) refers to nrf51_tag_tx_power.o(.data) for s_tx_power_level
    nrf51_tag_power_manage.o(i.enter_low_power_mode) refers to nrf51_tag_power_manage.o(i.softdevice_is_enabled) for softdevice_is_enabled
    nrf51_tag_power_manage.o(i.enter_low_power_mode) refers to app_error.o(i.app_error_handler) for app_error_handler
    nrf51_tag_power_manage.o(i.get_power_mode) refers to nrf51_tag_power_manage.o(.data) for s_power_mode
    nrf51_tag_power_manage.o(i.initialize_power_manage) refers to nrf51_tag_power_manage.o(i.nrf51_tag_module_power_settings) for nrf51_tag_module_power_settings
    nrf51_tag_power_manage.o(i.initialize_power_manage) refers to nrf51_tag_power_manage.o(.data) for s_power_mode
    nrf51_tag_power_manage.o(i.power_manage) refers to nrf51_tag_power_manage.o(i.enter_low_power_mode) for enter_low_power_mode
    nrf51_tag_power_manage.o(i.power_manage) refers to nrf51_tag_power_manage.o(i.power_mode_off) for power_mode_off
    nrf51_tag_power_manage.o(i.power_manage) refers to nrf51_tag_power_manage.o(.data) for s_power_mode
    nrf51_tag_power_manage.o(i.set_power_mode_idle) refers to nrf51_tag_power_manage.o(.data) for s_power_mode
    nrf51_tag_power_manage.o(i.set_power_mode_off) refers to nrf51_tag_power_manage.o(.data) for s_power_mode
    nrf51_tag_power_manage.o(i.set_power_mode_sleep) refers to nrf51_tag_power_manage.o(.data) for s_power_mode
    nrf51_tag_initialize.o(i.nrf51_tag_initialize) refers to nrf51_tag_power_manage.o(i.initialize_power_manage) for initialize_power_manage
    nrf51_tag_initialize.o(i.nrf51_tag_initialize) refers to nrf51_tag_timers.o(i.nrf51_tag_timers_init) for nrf51_tag_timers_init
[...]
    s_system_uptime                          0x20002054   Data           4  nrf51_tag_rtc.o(.data)
    s_tag_data_ready                         0x20002058   Data           1  nrf51_tag_rtc.o(.data)
    s_reference_time                         0x2000205c   Data           4  nrf51_tag_rtc.o(.data)
    s_db_record_index                        0x20002060   Data           1  nrf51_tag_rtc.o(.data)
    s_db_entry_index                         0x20002061   Data           1  nrf51_tag_rtc.o(.data)
    s_db_entry_count                         0x20002062   Data           1  nrf51_tag_rtc.o(.data)
    .data                                    0x20002064   Section       13  nrf51_tag_db.o(.data)
    s_db_ring_buffer                         0x20002064   Data           6  nrf51_tag_db.o(.data)
    s_erase_database_page_number             0x2000206a   Data           1  nrf51_tag_db.o(.data)
    s_database_erased                        0x2000206b   Data           1  nrf51_tag_db.o(.data)
    s_database_page_erased                   0x2000206c   Data           1  nrf51_tag_db.o(.data)
    s_database_write_complete                0x2000206d   Data           1  nrf51_tag_db.o(.data)
    s_database_write_count                   0x2000206e   Data           2  nrf51_tag_db.o(.data)
    s_db_command                             0x20002070   Data           1  nrf51_tag_db.o(.data)
    .data                                    0x20002074   Section        5  nrf51_tag_status_gatt.o(.data)
    s_entry_count                            0x20002074   Data           4  nrf51_tag_status_gatt.o(.data)
    s_entry_index                            0x20002078   Data           1  nrf51_tag_status_gatt.o(.data)
    .data                                    0x20002079   Section       15  nrf51_tag_config_params.o(.data)
    s_config_params                          0x20002079   Data          15  nrf51_tag_config_params.o(.data)
    .data                                    0x20002088   Section        4  system_nrf51.o(.data)
    __tagsym$$used                           0x20002088   Number         0  system_nrf51.o(.data)
    .data                                    0x2000208c   Section       12  app_util_platform.o(.data)
    m_in_critical_region                     0x20002094   Data           4  app_util_platform.o(.data)
    .data                                    0x20002098   Section       34  app_timer.o(.data)
    m_op_queue                               0x20002098   Data           8  app_timer.o(.data)
    mp_timer_id_head                         0x200020a0   Data           4  app_timer.o(.data)
    m_ticks_latest                           0x200020a4   Data           4  app_timer.o(.data)
    m_ticks_elapsed                          0x200020a8   Data           8  app_timer.o(.data)
    m_ticks_elapsed_q_read_ind               0x200020b0   Data           1  app_timer.o(.data)
    m_ticks_elapsed_q_write_ind              0x200020b1   Data           1  app_timer.o(.data)
    m_evt_schedule_func                      0x200020b4   Data           4  app_timer.o(.data)
    m_rtc1_running                           0x200020b8   Data           1  app_timer.o(.data)
    m_rtc1_reset                             0x200020b9   Data           1  app_timer.o(.data)
    .data                                    0x200020ba   Section       74  ble_dis.o(.data)
    service_handle                           0x200020ba   Data           2  ble_dis.o(.data)
    manufact_name_handles                    0x200020bc   Data           8  ble_dis.o(.data)
    model_num_handles                        0x200020c4   Data           8  ble_dis.o(.data)
    serial_num_handles                       0x200020cc   Data           8  ble_dis.o(.data)
    hw_rev_handles                           0x200020d4   Data           8  ble_dis.o(.data)
    fw_rev_handles                           0x200020dc   Data           8  ble_dis.o(.data)
    sw_rev_handles                           0x200020e4   Data           8  ble_dis.o(.data)
    sys_id_handles                           0x200020ec   Data           8  ble_dis.o(.data)
    reg_cert_data_list_handles               0x200020f4   Data           8  ble_dis.o(.data)
    pnp_id_handles                           0x200020fc   Data           8  ble_dis.o(.data)
    .data                                    0x20002104   Section       48  ble_advertising.o(.data)
    m_initialized                            0x20002104   Data           1  ble_advertising.o(.data)
    m_advertising_start_pending              0x20002105   Data           1  ble_advertising.o(.data)
    m_adv_evt                                0x20002106   Data           1  ble_advertising.o(.data)
    m_adv_mode_current                       0x20002107   Data           1  ble_advertising.o(.data)
    m_peer_address                           0x20002108   Data           7  ble_advertising.o(.data)
    m_peer_addr_reply_expected               0x2000210f   Data           1  ble_advertising.o(.data)
    m_slave_conn_int                         0x20002110   Data           4  ble_advertising.o(.data)
    m_current_slave_link_conn_handle         0x20002114   Data           2  ble_advertising.o(.data)
    m_evt_handler                            0x20002118   Data           4  ble_advertising.o(.data)
    m_error_handler                          0x2000211c   Data           4  ble_advertising.o(.data)
    m_whitelist_temporarily_disabled         0x20002120   Data           1  ble_advertising.o(.data)
    m_whitelist_reply_expected               0x20002121   Data           1  ble_advertising.o(.data)
    m_whitelist                              0x20002124   Data          16  ble_advertising.o(.data)
    .data                                    0x20002134   Section        8  ble_radio_notification.o(.data)
    m_radio_active                           0x20002134   Data           1  ble_radio_notification.o(.data)
    m_evt_handler                            0x20002138   Data           4  ble_radio_notification.o(.data)
    .data                                    0x2000213c   Section       24  softdevice_handler.o(.data)
    m_evt_schedule_func                      0x2000213c   Data           4  softdevice_handler.o(.data)
    m_softdevice_enabled                     0x20002140   Data           1  softdevice_handler.o(.data)
    m_suspended                              0x20002141   Data           1  softdevice_handler.o(.data)
    mp_ble_evt_buffer                        0x20002144   Data           4  softdevice_handler.o(.data)
    m_ble_evt_buffer_size                    0x20002148   Data           2  softdevice_handler.o(.data)
    m_ble_evt_handler                        0x2000214c   Data           4  softdevice_handler.o(.data)
    m_sys_evt_handler                        0x20002150   Data           4  softdevice_handler.o(.data)
    .data                                    0x20002154   Section        5  nrf51_tag_lis3dh.o(.data)
    s_lis3dh_ready                           0x20002154   Data           1  nrf51_tag_lis3dh.o(.data)
    s_tx_data                                0x20002155   Data           2  nrf51_tag_lis3dh.o(.data)
    s_rx_data                                0x20002157   Data           2  nrf51_tag_lis3dh.o(.data)
    .data                                    0x2000215c   Section        4  nrf51_tag_spi0_lis3dh.o(.data)
    spi0_base_address                        0x2000215c   Data           4  nrf51_tag_spi0_lis3dh.o(.data)
    .bss                                     0x20002160   Section       32  nrf51_tag_error.o(.bss)
    m_error_data                             0x20002160   Data          32  nrf51_tag_error.o(.bss)
    .bss                                     0x20002180   Section       72  nrf51_tag_ble_stack.o(.bss)
    BLE_EVT_BUFFER                           0x20002180   Data          72  nrf51_tag_ble_stack.o(.bss)
    .bss                                     0x200021c8   Section      448  nrf51_tag_timers.o(.bss)
    s_connection_interval_timer_id_data      0x200021c8   Data          32  nrf51_tag_timers.o(.bss)
    s_system_uptime_timer_id_data            0x200021e8   Data          32  nrf51_tag_timers.o(.bss)
    APP_TIMER_BUF                            0x20002208   Data         384  nrf51_tag_timers.o(.bss)
    .bss                                     0x20002388   Section       24  nrf51_tag_connection_settings.o(.bss)
    s_ble_gap_evt_connected                  0x20002388   Data          24  nrf51_tag_connection_settings.o(.bss)
    .bss                                     0x200023a0   Section       20  nrf51_tag_connection_security.o(.bss)
    .bss                                     0x200023b4   Section       48  nrf51_tag_advertising.o(.bss)
    s_adv_params                             0x200023b4   Data          24  nrf51_tag_advertising.o(.bss)
    s_device_name_with_tag_id                0x200023cc   Data          14  nrf51_tag_advertising.o(.bss)
    s_manufacturing_data                     0x200023da   Data          10  nrf51_tag_advertising.o(.bss)
    .bss                                     0x200023e4   Section       32  nrf51_tag_whitelist.o(.bss)
    s_ble_gap_whitelist                      0x200023e4   Data          16  nrf51_tag_whitelist.o(.bss)
    s_irk_list                               0x200023f4   Data          16  nrf51_tag_whitelist.o(.bss)
    .bss                                     0x20002404   Section      102  nrf51_tag_authentication_status.o(.bss)
    s_sec_params_enc_own                     0x20002404   Data          28  nrf51_tag_authentication_status.o(.bss)
    s_sec_params_enc_peer                    0x20002420   Data          28  nrf51_tag_authentication_status.o(.bss)
    s_sec_params_id_own                      0x2000243c   Data          23  nrf51_tag_authentication_status.o(.bss)
    s_sec_params_id_peer                     0x20002453   Data          23  nrf51_tag_authentication_status.o(.bss)
    .bss                                     0x2000246c   Section       32  nrf51_tag_rtc.o(.bss)
    s_tag_db_entry                           0x2000246c   Data          32  nrf51_tag_rtc.o(.bss)
    .bss                                     0x2000248c   Section       16  nrf51_tag_db.o(.bss)
    s_db_entry                               0x2000248c   Data          16  nrf51_tag_db.o(.bss)
    .bss                                     0x2000249c   Section       56  nrf51_tag_status_gatt.o(.bss)
    s_db_entry                               0x2000249c   Data          16  nrf51_tag_status_gatt.o(.bss)
    s_activity_read_records                  0x200024ac   Data          40  nrf51_tag_status_gatt.o(.bss)
    .bss                                     0x200024d4   Section       52  nrf51_tag_status_service.o(.bss)
    s_ble_tag_status_service                 0x200024d4   Data          52  nrf51_tag_status_service.o(.bss)
    .bss                                     0x20002508   Section       20  nrf_drv_clock.o(.bss)
    m_clock_cb                               0x20002508   Data          20  nrf_drv_clock.o(.bss)
    .bss                                     0x2000251c   Section      104  fstorage.o(.bss)
    m_queue                                  0x2000251c   Data         104  fstorage.o(.bss)
    .bss                                     0x20002584   Section      428  ble_advertising.o(.bss)
    m_adv_modes_config                       0x20002584   Data          32  ble_advertising.o(.bss)
    m_advdata                                0x200025a4   Data          60  ble_advertising.o(.bss)
    m_manuf_specific_data                    0x200025e0   Data          12  ble_advertising.o(.bss)
    m_manuf_data_array                       0x200025ec   Data          31  ble_advertising.o(.bss)
    m_service_data                           0x2000260c   Data          12  ble_advertising.o(.bss)
    m_service_data_array                     0x20002618   Data          31  ble_advertising.o(.bss)
    m_p_whitelist_addrs                      0x20002638   Data          32  ble_advertising.o(.bss)
    m_p_whitelist_irks                       0x20002658   Data          32  ble_advertising.o(.bss)
    m_whitelist_addrs                        0x20002678   Data          56  ble_advertising.o(.bss)
    m_whitelist_irks                         0x200026b0   Data         128  ble_advertising.o(.bss)
    .bss                                     0x20002730   Section     1208  segger_rtt.o(.bss)
    _acUpBuffer                              0x200027d8   Data        1024  segger_rtt.o(.bss)
    _acDownBuffer                            0x20002bd8   Data          16  segger_rtt.o(.bss)
    STACK                                    0x20002be8   Section     2048  arm_startup_nrf51.o(STACK)

    Global Symbols

    Symbol Name                              Value     Ov Type        Size  Object(Section)

    BuildAttributes$$THM_ISAv3M$S$PE$A:L22$X:L11$S22$IEEE1$IW$USESV6$~STKCKD$USESV7$~SHL$OSPACE$ROPI$EBA8$MICROLIB$REQ8$PRES8$EABIv2 0x00000000   Number         0  anon$$obj.o ABSOLUTE
    __ARM_use_no_argv                        0x00000000   Number         0  main.o ABSOLUTE
    _printf_a                                0x00000000   Number         0  stubs.o ABSOLUTE
    _printf_c                                0x00000000   Number         0  stubs.o ABSOLUTE
    _printf_charcount                        0x00000000   Number         0  stubs.o ABSOLUTE
    _printf_d                                0x00000000   Number         0  stubs.o ABSOLUTE
    _printf_e                                0x00000000   Number         0  stubs.o ABSOLUTE
    _printf_f                                0x00000000   Number         0  stubs.o ABSOLUTE
    _printf_flags                            0x00000000   Number         0  stubs.o ABSOLUTE
    _printf_fp_dec                           0x00000000   Number         0  stubs.o ABSOLUTE
    _printf_fp_hex                           0x00000000   Number         0  stubs.o ABSOLUTE
    _printf_g                                0x00000000   Number         0  stubs.o ABSOLUTE
    _printf_i                                0x00000000   Number         0  stubs.o ABSOLUTE
    _printf_int_dec                          0x00000000   Number         0  stubs.o ABSOLUTE
    _printf_l                                0x00000000   Number         0  stubs.o ABSOLUTE
    _printf_lc                               0x00000000   Number         0  stubs.o ABSOLUTE
    _printf_ll                               0x00000000   Number         0  stubs.o ABSOLUTE
    _printf_lld                              0x00000000   Number         0  stubs.o ABSOLUTE
    _printf_lli                              0x00000000   Number         0  stubs.o ABSOLUTE
    _printf_llo                              0x00000000   Number         0  stubs.o ABSOLUTE
    _printf_llu                              0x00000000   Number         0  stubs.o ABSOLUTE
    _printf_llx                              0x00000000   Number         0  stubs.o ABSOLUTE
    _printf_longlong_dec                     0x00000000   Number         0  stubs.o ABSOLUTE
    _printf_longlong_hex                     0x00000000   Number         0  stubs.o ABSOLUTE
    _printf_longlong_oct                     0x00000000   Number         0  stubs.o ABSOLUTE
    _printf_ls                               0x00000000   Number         0  stubs.o ABSOLUTE
    _printf_mbtowc                           0x00000000   Number         0  stubs.o ABSOLUTE
    _printf_n                                0x00000000   Number         0  stubs.o ABSOLUTE
    _printf_o                                0x00000000   Number         0  stubs.o ABSOLUTE
    _printf_p                                0x00000000   Number         0  stubs.o ABSOLUTE
    _printf_percent                          0x00000000   Number         0  stubs.o ABSOLUTE
    _printf_pre_padding                      0x00000000   Number         0  stubs.o ABSOLUTE
    _printf_return_value                     0x00000000   Number         0  stubs.o ABSOLUTE
    _printf_s                                0x00000000   Number         0  stubs.o ABSOLUTE
    _printf_sizespec                         0x00000000   Number         0  stubs.o ABSOLUTE
    _printf_str                              0x00000000   Number         0  stubs.o ABSOLUTE
    _printf_truncate_signed                  0x00000000   Number         0  stubs.o ABSOLUTE
    _printf_truncate_unsigned                0x00000000   Number         0  stubs.o ABSOLUTE
    _printf_u                                0x00000000   Number         0  stubs.o ABSOLUTE
    _printf_wc                               0x00000000   Number         0  stubs.o ABSOLUTE
    _printf_wctomb                           0x00000000   Number         0  stubs.o ABSOLUTE
    _printf_widthprec                        0x00000000   Number         0  stubs.o ABSOLUTE
    _printf_x                                0x00000000   Number         0  stubs.o ABSOLUTE
    __cpp_initialize__aeabi_                  - Undefined Weak Reference
    __cxa_finalize                            - Undefined Weak Reference
    _clock_init                               - Undefined Weak Reference
    _microlib_exit                            - Undefined Weak Reference
    fs_data$$Base                             - Undefined Reference
    fs_data$$Limit                            - Undefined Reference
    __Vectors_Size                           0x000000c0   Number         0  arm_startup_nrf51.o ABSOLUTE
    STACK$$Length                            0x00000800   Number         0  anon$$obj.o ABSOLUTE
    __Vectors                                0x0001b000   Data           4  arm_startup_nrf51.o(RESET)
    __Vectors_End                            0x0001b0c0   Data           0  arm_startup_nrf51.o(RESET)
    __main                                   0x0001b0c1   Thumb Code     0  entry.o(.ARM.Collect$$$$00000000)
    _main_stk                                0x0001b0c1   Thumb Code     0  entry2.o(.ARM.Collect$$$$00000001)
    _main_scatterload                        0x0001b0c5   Thumb Code     0  entry5.o(.ARM.Collect$$$$00000004)
    __main_after_scatterload                 0x0001b0c9   Thumb Code     0  entry5.o(.ARM.Collect$$$$00000004)
    _main_clock                              0x0001b0c9   Thumb Code     0  entry7b.o(.ARM.Collect$$$$00000008)
    _main_cpp_init                           0x0001b0c9   Thumb Code     0  entry8b.o(.ARM.Collect$$$$0000000A)
    _main_init                               0x0001b0c9   Thumb Code     0  entry9a.o(.ARM.Collect$$$$0000000B)
    __rt_final_cpp                           0x0001b0d1   Thumb Code     0  entry10a.o(.ARM.Collect$$$$0000000D)
    __rt_final_exit                          0x0001b0d1   Thumb Code     0  entry11a.o(.ARM.Collect$$$$0000000F)
    Reset_Handler                            0x0001b0d5   Thumb Code    26  arm_startup_nrf51.o(.text)
    NMI_Handler                              0x0001b0ef   Thumb Code     2  arm_startup_nrf51.o(.text)
    HardFault_Handler                        0x0001b0f1   Thumb Code     2  arm_startup_nrf51.o(.text)
    SVC_Handler                              0x0001b0f3   Thumb Code     2  arm_startup_nrf51.o(.text)
    PendSV_Handler                           0x0001b0f5   Thumb Code     2  arm_startup_nrf51.o(.text)
    SysTick_Handler                          0x0001b0f7   Thumb Code     2  arm_startup_nrf51.o(.text)
    ADC_IRQHandler                           0x0001b0f9   Thumb Code     0  arm_startup_nrf51.o(.text)
    CCM_AAR_IRQHandler                       0x0001b0f9   Thumb Code     0  arm_startup_nrf51.o(.text)
    ECB_IRQHandler                           0x0001b0f9   Thumb Code     0  arm_startup_nrf51.o(.text)
    LPCOMP_IRQHandler                        0x0001b0f9   Thumb Code     0  arm_startup_nrf51.o(.text)
    QDEC_IRQHandler                          0x0001b0f9   Thumb Code     0  arm_startup_nrf51.o(.text)
    RADIO_IRQHandler                         0x0001b0f9   Thumb Code     0  arm_startup_nrf51.o(.text)
    RNG_IRQHandler                           0x0001b0f9   Thumb Code     0  arm_startup_nrf51.o(.text)
    RTC0_IRQHandler                          0x0001b0f9   Thumb Code     0  arm_startup_nrf51.o(.text)
    SPI0_TWI0_IRQHandler                     0x0001b0f9   Thumb Code     0  arm_startup_nrf51.o(.text)
    SPI1_TWI1_IRQHandler                     0x0001b0f9   Thumb Code     0  arm_startup_nrf51.o(.text)
    SWI3_IRQHandler                          0x0001b0f9   Thumb Code     0  arm_startup_nrf51.o(.text)
    SWI4_IRQHandler                          0x0001b0f9   Thumb Code     0  arm_startup_nrf51.o(.text)
    SWI5_IRQHandler                          0x0001b0f9   Thumb Code     0  arm_startup_nrf51.o(.text)
    TEMP_IRQHandler                          0x0001b0f9   Thumb Code     0  arm_startup_nrf51.o(.text)
    TIMER0_IRQHandler                        0x0001b0f9   Thumb Code     0  arm_startup_nrf51.o(.text)
    TIMER1_IRQHandler                        0x0001b0f9   Thumb Code     0  arm_startup_nrf51.o(.text)
    TIMER2_IRQHandler                        0x0001b0f9   Thumb Code     0  arm_startup_nrf51.o(.text)
    UART0_IRQHandler                         0x0001b0f9   Thumb Code     0  arm_startup_nrf51.o(.text)
    WDT_IRQHandler                           0x0001b0f9   Thumb Code     0  arm_startup_nrf51.o(.text)
    __aeabi_uidiv                            0x0001b10d   Thumb Code     0  uidiv.o(.text)
    __aeabi_uidivmod                         0x0001b10d   Thumb Code    44  uidiv.o(.text)
    __aeabi_idiv                             0x0001b139   Thumb Code     0  idiv.o(.text)
    __aeabi_idivmod                          0x0001b139   Thumb Code    40  idiv.o(.text)
    __aeabi_memcpy                           0x0001b161   Thumb Code    36  memcpya.o(.text)
    __aeabi_memcpy4                          0x0001b161   Thumb Code     0  memcpya.o(.text)
    __aeabi_memcpy8                          0x0001b161   Thumb Code     0  memcpya.o(.text)
    __aeabi_memset                           0x0001b185   Thumb Code    14  memseta.o(.text)
    __aeabi_memset4                          0x0001b185   Thumb Code     0  memseta.o(.text)
    __aeabi_memset8                          0x0001b185   Thumb Code     0  memseta.o(.text)
    __aeabi_memclr                           0x0001b193   Thumb Code     4  memseta.o(.text)
    __aeabi_memclr4                          0x0001b193   Thumb Code     0  memseta.o(.text)
    __aeabi_memclr8                          0x0001b193   Thumb Code     0  memseta.o(.text)
    _memset$wrapper                          0x0001b197   Thumb Code    18  memseta.o(.text)
    strlen                                   0x0001b1a9   Thumb Code    14  strlen.o(.text)
    strcpy                                   0x0001b1b7   Thumb Code    18  strcpy.o(.text)
    __aeabi_uread4                           0x0001b1c9   Thumb Code    20  uread4.o(.text)
    __rt_uread4                              0x0001b1c9   Thumb Code     0  uread4.o(.text)
    _uread4                                  0x0001b1c9   Thumb Code     0  uread4.o(.text)
    __aeabi_uwrite4                          0x0001b1dd   Thumb Code    18  uwrite4.o(.text)
    __rt_uwrite4                             0x0001b1dd   Thumb Code     0  uwrite4.o(.text)
    _uwrite4                                 0x0001b1dd   Thumb Code     0  uwrite4.o(.text)
    __scatterload                            0x0001b1f1   Thumb Code    28  init.o(.text)
    __scatterload_rt2                        0x0001b1f1   Thumb Code     0  init.o(.text)
    __decompress                             0x0001b215   Thumb Code     0  __dczerorl2.o(.text)
    __decompress1                            0x0001b215   Thumb Code    86  __dczerorl2.o(.text)
    GPIOTE_IRQHandler                        0x0001b26d   Thumb Code    26  nrf51_tag_spi0_lis3dh.o(i.GPIOTE_IRQHandler)
    GPIOTE_IRQHandler_BLE400                 0x0001b28d   Thumb Code    44  ble400_utils.o(i.GPIOTE_IRQHandler_BLE400)
    GPIOTE_IRQHandler_LIS3DH                 0x0001b2b9   Thumb Code    16  nrf51_tag_lis3dh.o(i.GPIOTE_IRQHandler_LIS3DH)
    POWER_CLOCK_IRQHandler                   0x0001b499   Thumb Code    78  nrf_drv_clock.o(i.POWER_CLOCK_IRQHandler)
    RTC1_IRQHandler                          0x0001b4ed   Thumb Code    34  app_timer.o(i.RTC1_IRQHandler)
    SEGGER_RTT_Write                         0x0001b515   Thumb Code    66  segger_rtt.o(i.SEGGER_RTT_Write)
    SEGGER_RTT_WriteNoLock                   0x0001b55d   Thumb Code   128  segger_rtt.o(i.SEGGER_RTT_WriteNoLock)
    SEGGER_RTT_printf                        0x0001b5e1   Thumb Code    36  segger_rtt_printf.o(i.SEGGER_RTT_printf)
    SEGGER_RTT_vprintf                       0x0001b605   Thumb Code   536  segger_rtt_printf.o(i.SEGGER_RTT_vprintf)
    SWI0_IRQHandler                          0x0001b81d   Thumb Code     8  app_timer.o(i.SWI0_IRQHandler)
    SWI1_IRQHandler                          0x0001b825   Thumb Code    34  ble_radio_notification.o(i.SWI1_IRQHandler)
    SWI2_IRQHandler                          0x0001b851   Thumb Code    52  softdevice_handler.o(i.SWI2_IRQHandler)
    SystemInit                               0x0001b88d   Thumb Code    76  system_nrf51.o(i.SystemInit)
    __0snprintf$6                            0x0001bcb1   Thumb Code    46  printf6.o(i.__0snprintf$6)
    __1snprintf$6                            0x0001bcb1   Thumb Code     0  printf6.o(i.__0snprintf$6)
    __2snprintf                              0x0001bcb1   Thumb Code     0  printf6.o(i.__0snprintf$6)
    __ARM_common_switch8                     0x0001bce5   Thumb Code    28  nrf51_tag_on_ble_evt.o(i.__ARM_common_switch8)
    __scatterload_copy                       0x0001bd01   Thumb Code    14  handlers.o(i.__scatterload_copy)
    __scatterload_null                       0x0001bd0f   Thumb Code     2  handlers.o(i.__scatterload_null)
    __scatterload_zeroinit                   0x0001bd11   Thumb Code    14  handlers.o(i.__scatterload_zeroinit)
    adv_data_encode                          0x0001c0d1   Thumb Code   398  ble_advdata.o(i.adv_data_encode)
    app_error_fault_handler                  0x0001c2e1   Thumb Code    20  nrf51_tag_error.o(i.app_error_fault_handler)
    app_error_handler                        0x0001c2f5   Thumb Code    28  app_error.o(i.app_error_handler)
    app_timer_create                         0x0001c315   Thumb Code    64  app_timer.o(i.app_timer_create)
    app_timer_init                           0x0001c359   Thumb Code   116  app_timer.o(i.app_timer_init)
    app_timer_start                          0x0001c3e5   Thumb Code    80  app_timer.o(i.app_timer_start)
    app_util_critical_region_enter           0x0001c439   Thumb Code    70  app_util_platform.o(i.app_util_critical_region_enter)
    app_util_critical_region_exit            0x0001c48d   Thumb Code    56  app_util_platform.o(i.app_util_critical_region_exit)
    bd_address                               0x0001c521   Thumb Code   102  nrf51_tag_debug.o(i.bd_address)
    ble400_initialize_buttons                0x0001c5c5   Thumb Code    24  ble400_utils.o(i.ble400_initialize_buttons)
    ble_advdata_set                          0x0001c5dd   Thumb Code   152  ble_advdata.o(i.ble_advdata_set)
    ble_advertising_init                     0x0001c675   Thumb Code   374  ble_advertising.o(i.ble_advertising_init)
    ble_advertising_start                    0x0001c82d   Thumb Code   330  ble_advertising.o(i.ble_advertising_start)
    ble_dis_init                             0x0001ca11   Thumb Code   386  ble_dis.o(i.ble_dis_init)
    ble_srv_ascii_to_utf8                    0x0001cbd1   Thumb Code    18  ble_srv_common.o(i.ble_srv_ascii_to_utf8)
    fs_queued_op_count_get                   0x0001cff1   Thumb Code    20  fstorage.o(i.fs_queued_op_count_get)
    get_accelerometer_sample_rate            0x0001d009   Thumb Code     6  nrf51_tag_config_params.o(i.get_accelerometer_sample_rate)
    get_accelerometer_threshold              0x0001d015   Thumb Code     6  nrf51_tag_config_params.o(i.get_accelerometer_threshold)
    get_adv_interval                         0x0001d021   Thumb Code    12  nrf51_tag_config_params.o(i.get_adv_interval)
    get_adv_time                             0x0001d031   Thumb Code    10  nrf51_tag_config_params.o(i.get_adv_time)
    get_adv_timeout                          0x0001d041   Thumb Code    12  nrf51_tag_config_params.o(i.get_adv_timeout)
    get_rtc_sample_rate                      0x0001d051   Thumb Code     6  nrf51_tag_config_params.o(i.get_rtc_sample_rate)
    get_system_time                          0x0001d05d   Thumb Code     6  nrf51_tag_timers.o(i.get_system_time)
    get_tag_serial_number                    0x0001d069   Thumb Code    10  nrf51_tag_config_params.o(i.get_tag_serial_number)
    init_arr                                 0x0001d079   Thumb Code   104  nrf51_tag_status_gatt.o(i.init_arr)
    initialize_power_manage                  0x0001d0e9   Thumb Code    14  nrf51_tag_power_manage.o(i.initialize_power_manage)
    intern_softdevice_events_execute         0x0001d0fd   Thumb Code   188  softdevice_handler.o(i.intern_softdevice_events_execute)
    main                                     0x0001d579   Thumb Code   188  main.o(i.main)
    ml_active_tasks_idle                     0x0001d755   Thumb Code     8  main.o(i.ml_active_tasks_idle)
    nrf51_tag_advertising_packet_initialize  0x0001d845   Thumb Code   182  nrf51_tag_advertising.o(i.nrf51_tag_advertising_packet_initialize)
    nrf51_tag_ble_gap_evt_debug              0x0001da59   Thumb Code   242  nrf51_tag_dbg_ble_on_evt.o(i.nrf51_tag_ble_gap_evt_debug)
    nrf51_tag_ble_stack_enable               0x0001de15   Thumb Code   216  nrf51_tag_ble_stack.o(i.nrf51_tag_ble_stack_enable)
    nrf51_tag_connection_interval_timeout_handler 0x0001df1d   Thumb Code    10  nrf51_tag_timers.o(i.nrf51_tag_connection_interval_timeout_handler)
    nrf51_tag_data_ready                     0x0001df29   Thumb Code    60  nrf51_tag_rtc.o(i.nrf51_tag_data_ready)
    nrf51_tag_database_sys_evt               0x0001df79   Thumb Code   140  nrf51_tag_db.o(i.nrf51_tag_database_sys_evt)
    nrf51_tag_db_entry_count                 0x0001e06d   Thumb Code     6  nrf51_tag_db.o(i.nrf51_tag_db_entry_count)
    nrf51_tag_db_initialize                  0x0001e191   Thumb Code    86  nrf51_tag_db.o(i.nrf51_tag_db_initialize)
    nrf51_tag_db_read_entry                  0x0001e2d5   Thumb Code   202  nrf51_tag_db.o(i.nrf51_tag_db_read_entry)
    nrf51_tag_db_write_entry                 0x0001e3fd   Thumb Code   114  nrf51_tag_db.o(i.nrf51_tag_db_write_entry)
    nrf51_tag_dbg_authentication_status      0x0001e4b5   Thumb Code   216  nrf51_tag_dbg_ble_on_evt.o(i.nrf51_tag_dbg_authentication_status)
    nrf51_tag_dbg_ble_gatts_evt              0x0001e669   Thumb Code    98  nrf51_tag_dbg_ble_on_evt.o(i.nrf51_tag_dbg_ble_gatts_evt)
    nrf51_tag_dbg_connection_event           0x0001e7b9   Thumb Code   172  nrf51_tag_connection_settings.o(i.nrf51_tag_dbg_connection_event)
    nrf51_tag_dbg_disconnect_event           0x0001e991   Thumb Code    16  nrf51_tag_connection_settings.o(i.nrf51_tag_dbg_disconnect_event)
    nrf51_tag_dbg_gap_enc_key                0x0001e9d1   Thumb Code   106  nrf51_tag_dbg_ble_on_evt.o(i.nrf51_tag_dbg_gap_enc_key)
    nrf51_tag_dbg_gap_id_key                 0x0001eab1   Thumb Code    58  nrf51_tag_dbg_ble_on_evt.o(i.nrf51_tag_dbg_gap_id_key)
    nrf51_tag_dbg_sd_evt                     0x0001eb31   Thumb Code    58  nrf51_tag_dbg_ble_on_evt.o(i.nrf51_tag_dbg_sd_evt)
    nrf51_tag_disconnect                     0x0001ebe1   Thumb Code    24  nrf51_tag_connection_settings.o(i.nrf51_tag_disconnect)
    nrf51_tag_gap_conn_param_update_request  0x0001ec01   Thumb Code     2  nrf51_tag_on_ble_evt_gap.o(i.nrf51_tag_gap_conn_param_update_request)
    nrf51_tag_gap_evt_adv_report             0x0001ec03   Thumb Code     2  nrf51_tag_on_ble_evt_gap.o(i.nrf51_tag_gap_evt_adv_report)
    nrf51_tag_gap_evt_authentication_key_request 0x0001ec05   Thumb Code     2  nrf51_tag_on_ble_evt_gap.o(i.nrf51_tag_gap_evt_authentication_key_request)
    nrf51_tag_gap_evt_authentication_status  0x0001ec07   Thumb Code    14  nrf51_tag_on_ble_evt_gap.o(i.nrf51_tag_gap_evt_authentication_status)
    nrf51_tag_gap_evt_connect                0x0001ec15   Thumb Code    30  nrf51_tag_on_ble_evt_gap.o(i.nrf51_tag_gap_evt_connect)
    nrf51_tag_gap_evt_connection_parameters_update 0x0001ec33   Thumb Code     2  nrf51_tag_on_ble_evt_gap.o(i.nrf51_tag_gap_evt_connection_parameters_update)
    nrf51_tag_gap_evt_connection_security_update 0x0001ec35   Thumb Code    12  nrf51_tag_on_ble_evt_gap.o(i.nrf51_tag_gap_evt_connection_security_update)
    nrf51_tag_gap_evt_disconnect             0x0001ec41   Thumb Code    12  nrf51_tag_on_ble_evt_gap.o(i.nrf51_tag_gap_evt_disconnect)
    nrf51_tag_gap_evt_key_pressed            0x0001ec4d   Thumb Code     2  nrf51_tag_on_ble_evt_gap.o(i.nrf51_tag_gap_evt_key_pressed)
    nrf51_tag_gap_evt_passkey_display        0x0001ec4f   Thumb Code     2  nrf51_tag_on_ble_evt_gap.o(i.nrf51_tag_gap_evt_passkey_display)
    nrf51_tag_gap_evt_rssi_changed           0x0001ec51   Thumb Code     2  nrf51_tag_on_ble_evt_gap.o(i.nrf51_tag_gap_evt_rssi_changed)
    nrf51_tag_gap_evt_scan_request_report    0x0001ec53   Thumb Code     2  nrf51_tag_on_ble_evt_gap.o(i.nrf51_tag_gap_evt_scan_request_report)
    nrf51_tag_gap_evt_security_info_request  0x0001ec55   Thumb Code    20  nrf51_tag_on_ble_evt_gap.o(i.nrf51_tag_gap_evt_security_info_request)
    nrf51_tag_gap_evt_security_parameters_request 0x0001ec69   Thumb Code   100  nrf51_tag_on_ble_evt_gap.o(i.nrf51_tag_gap_evt_security_parameters_request)
    nrf51_tag_gap_evt_security_request       0x0001ecf1   Thumb Code     2  nrf51_tag_on_ble_evt_gap.o(i.nrf51_tag_gap_evt_security_request)
    nrf51_tag_gap_evt_timeout                0x0001ecf5   Thumb Code    22  nrf51_tag_on_ble_evt_gap.o(i.nrf51_tag_gap_evt_timeout)
    nrf51_tag_gatts_evt_authorize_request    0x0001ed19   Thumb Code    12  nrf51_tag_on_ble_evt_gatt.o(i.nrf51_tag_gatts_evt_authorize_request)
    nrf51_tag_gatts_evt_handle_value_confirmation 0x0001ed25   Thumb Code    12  nrf51_tag_on_ble_evt_gatt.o(i.nrf51_tag_gatts_evt_handle_value_confirmation)
    nrf51_tag_gatts_evt_service_change_confirm 0x0001ed31   Thumb Code    12  nrf51_tag_on_ble_evt_gatt.o(i.nrf51_tag_gatts_evt_service_change_confirm)
    nrf51_tag_gatts_evt_system_attribute_missing 0x0001ed3d   Thumb Code    12  nrf51_tag_on_ble_evt_gatt.o(i.nrf51_tag_gatts_evt_system_attribute_missing)
    nrf51_tag_gatts_evt_timeout              0x0001ed49   Thumb Code    12  nrf51_tag_on_ble_evt_gatt.o(i.nrf51_tag_gatts_evt_timeout)
    nrf51_tag_gatts_evt_write                0x0001ed55   Thumb Code    12  nrf51_tag_on_ble_evt_gatt.o(i.nrf51_tag_gatts_evt_write)
    nrf51_tag_get_connection_handle          0x0001ed61   Thumb Code     6  nrf51_tag_connection_settings.o(i.nrf51_tag_get_connection_handle)
    nrf51_tag_get_device_name_length         0x0001ed6d   Thumb Code     4  nrf51_tag_advertising.o(i.nrf51_tag_get_device_name_length)
    nrf51_tag_get_manufacturing_data         0x0001ed71   Thumb Code     4  nrf51_tag_advertising.o(i.nrf51_tag_get_manufacturing_data)
    nrf51_tag_get_manufacturing_data_length  0x0001ed79   Thumb Code     4  nrf51_tag_advertising.o(i.nrf51_tag_get_manufacturing_data_length)
    nrf51_tag_get_security_parameters        0x0001ed7d   Thumb Code     4  nrf51_tag_security_parameters.o(i.nrf51_tag_get_security_parameters)
    nrf51_tag_get_security_parameters_keysets 0x0001ed85   Thumb Code     4  nrf51_tag_authentication_status.o(i.nrf51_tag_get_security_parameters_keysets)
    nrf51_tag_get_system_uptime              0x0001ed8d   Thumb Code     6  nrf51_tag_rtc.o(i.nrf51_tag_get_system_uptime)
    nrf51_tag_get_whitelist                  0x0001ed99   Thumb Code    32  nrf51_tag_whitelist.o(i.nrf51_tag_get_whitelist)
    nrf51_tag_get_whitelist_filter_policy    0x0001edbd   Thumb Code    22  nrf51_tag_whitelist.o(i.nrf51_tag_get_whitelist_filter_policy)
    nrf51_tag_gpio_port_event_init           0x0001edd9   Thumb Code    88  nrf51_tag_spi0_lis3dh.o(i.nrf51_tag_gpio_port_event_init)
    nrf51_tag_initialize                     0x0001ee3d   Thumb Code    28  nrf51_tag_initialize.o(i.nrf51_tag_initialize)
    nrf51_tag_initialize_authentication_status 0x0001ee59   Thumb Code    12  nrf51_tag_authentication_status.o(i.nrf51_tag_initialize_authentication_status)
    nrf51_tag_initialize_connection_settings 0x0001ee69   Thumb Code    30  nrf51_tag_connection_settings.o(i.nrf51_tag_initialize_connection_settings)
    nrf51_tag_initialize_gap_conn_sec        0x0001eea1   Thumb Code    22  nrf51_tag_connection_security.o(i.nrf51_tag_initialize_gap_conn_sec)
    nrf51_tag_initialize_gap_sec_info_request 0x0001eecd   Thumb Code    22  nrf51_tag_connection_security.o(i.nrf51_tag_initialize_gap_sec_info_request)
    nrf51_tag_initialize_rtc                 0x0001eef9   Thumb Code    20  nrf51_tag_rtc.o(i.nrf51_tag_initialize_rtc)
    nrf51_tag_initialize_services            0x0001ef11   Thumb Code    12  nrf51_tag_services_init.o(i.nrf51_tag_initialize_services)
    nrf51_tag_lis3dh_init                    0x0001ef1d   Thumb Code    48  nrf51_tag_lis3dh.o(i.nrf51_tag_lis3dh_init)
    nrf51_tag_lis3dh_read_register           0x0001efe9   Thumb Code    30  nrf51_tag_lis3dh.o(i.nrf51_tag_lis3dh_read_register)
    nrf51_tag_lis3dh_write_register          0x0001f0a1   Thumb Code    20  nrf51_tag_lis3dh.o(i.nrf51_tag_lis3dh_write_register)
    nrf51_tag_sd_evt_tx_complete             0x0001f165   Thumb Code     2  nrf51_tag_on_ble_evt_sd.o(i.nrf51_tag_sd_evt_tx_complete)
    nrf51_tag_sd_evt_user_memory             0x0001f167   Thumb Code     2  nrf51_tag_on_ble_evt_sd.o(i.nrf51_tag_sd_evt_user_memory)
    nrf51_tag_sd_evt_user_memory_release     0x0001f169   Thumb Code     2  nrf51_tag_on_ble_evt_sd.o(i.nrf51_tag_sd_evt_user_memory_release)
    nrf51_tag_set_advertising_parameters     0x0001f205   Thumb Code    50  nrf51_tag_advertising.o(i.nrf51_tag_set_advertising_parameters)
    nrf51_tag_set_connection_parameters      0x0001f23d   Thumb Code     2  nrf51_tag_connection_parameters.o(i.nrf51_tag_set_connection_parameters)
    nrf51_tag_set_connection_settings        0x0001f241   Thumb Code    32  nrf51_tag_connection_settings.o(i.nrf51_tag_set_connection_settings)
    nrf51_tag_set_gap_auth_status            0x0001f269   Thumb Code   158  nrf51_tag_authentication_status.o(i.nrf51_tag_set_gap_auth_status)
    nrf51_tag_set_gap_conn_sec               0x0001f331   Thumb Code    18  nrf51_tag_connection_security.o(i.nrf51_tag_set_gap_conn_sec)
    nrf51_tag_set_gap_device_name            0x0001f349   Thumb Code    76  nrf51_tag_gap_params.o(i.nrf51_tag_set_gap_device_name)
    nrf51_tag_set_gap_parameters             0x0001f3b5   Thumb Code    92  nrf51_tag_gap_params.o(i.nrf51_tag_set_gap_parameters)
    nrf51_tag_set_gap_sec_info_request       0x0001f431   Thumb Code    22  nrf51_tag_connection_security.o(i.nrf51_tag_set_gap_sec_info_request)
    nrf51_tag_set_security_parameters        0x0001f44d   Thumb Code   174  nrf51_tag_security_parameters.o(i.nrf51_tag_set_security_parameters)
    nrf51_tag_set_security_parameters_request 0x0001f511   Thumb Code   480  nrf51_tag_security_parameters.o(i.nrf51_tag_set_security_parameters_request)
    nrf51_tag_set_tx_power                   0x0001f915   Thumb Code    54  nrf51_tag_tx_power.o(i.nrf51_tag_set_tx_power)
    nrf51_tag_spi0_lis3dh_init               0x0001f97d   Thumb Code   158  nrf51_tag_spi0_lis3dh.o(i.nrf51_tag_spi0_lis3dh_init)
    nrf51_tag_spi_lis3dh_cmd                 0x0001fa25   Thumb Code   154  nrf51_tag_spi0_lis3dh.o(i.nrf51_tag_spi_lis3dh_cmd)
    nrf51_tag_stack_init                     0x0001fb21   Thumb Code    70  nrf51_tag_ble_stack.o(i.nrf51_tag_stack_init)
    nrf51_tag_start_advertising              0x0001fb6d   Thumb Code   168  nrf51_tag_advertising.o(i.nrf51_tag_start_advertising)
    nrf51_tag_status_activity_read_records_char_add 0x0001fcd5   Thumb Code   334  nrf51_tag_status_characteristic.o(i.nrf51_tag_status_activity_read_records_char_add)
    nrf51_tag_status_activity_read_records_value_handle 0x0001fe59   Thumb Code     6  nrf51_tag_status_service.o(i.nrf51_tag_status_activity_read_records_value_handle)
    nrf51_tag_status_activity_record_count_char_add 0x0001fe65   Thumb Code   326  nrf51_tag_status_characteristic.o(i.nrf51_tag_status_activity_record_count_char_add)
    nrf51_tag_status_activity_record_count_value_handle 0x0001ffe1   Thumb Code     6  nrf51_tag_status_service.o(i.nrf51_tag_status_activity_record_count_value_handle)
    nrf51_tag_status_authorize_request       0x0001ffed   Thumb Code   130  nrf51_tag_status_gatt.o(i.nrf51_tag_status_authorize_request)
    nrf51_tag_status_battery_level_char_add  0x000200a9   Thumb Code   326  nrf51_tag_status_characteristic.o(i.nrf51_tag_status_battery_level_char_add)
    nrf51_tag_status_battery_level_value_handle 0x00020221   Thumb Code     6  nrf51_tag_status_service.o(i.nrf51_tag_status_battery_level_value_handle)
    nrf51_tag_status_firmware_revision_char_add 0x0002022d   Thumb Code   336  nrf51_tag_status_characteristic.o(i.nrf51_tag_status_firmware_revision_char_add)
    nrf51_tag_status_firmware_revision_value_handle 0x000203ad   Thumb Code     6  nrf51_tag_status_service.o(i.nrf51_tag_status_firmware_revision_value_handle)
    nrf51_tag_status_handle_value_confirmation 0x000203b9   Thumb Code     2  nrf51_tag_status_gatt.o(i.nrf51_tag_status_handle_value_confirmation)
    nrf51_tag_status_service_change_confirm  0x000203bb   Thumb Code     2  nrf51_tag_status_gatt.o(i.nrf51_tag_status_service_change_confirm)
    nrf51_tag_status_service_initialize      0x000203bd   Thumb Code   182  nrf51_tag_status_service.o(i.nrf51_tag_status_service_initialize)
    nrf51_tag_status_system_attribute_missing 0x0002074d   Thumb Code     2  nrf51_tag_status_gatt.o(i.nrf51_tag_status_system_attribute_missing)
    nrf51_tag_status_temperature_char_add    0x00020751   Thumb Code   326  nrf51_tag_status_characteristic.o(i.nrf51_tag_status_temperature_char_add)
    nrf51_tag_status_temperature_value_handle 0x000208c9   Thumb Code     6  nrf51_tag_status_service.o(i.nrf51_tag_status_temperature_value_handle)
    nrf51_tag_status_timeout                 0x000208d5   Thumb Code     2  nrf51_tag_status_gatt.o(i.nrf51_tag_status_timeout)
    nrf51_tag_status_uptime_char_add         0x000208d9   Thumb Code   324  nrf51_tag_status_characteristic.o(i.nrf51_tag_status_uptime_char_add)
    nrf51_tag_status_uptime_value_handle     0x00020a4d   Thumb Code     6  nrf51_tag_status_service.o(i.nrf51_tag_status_uptime_value_handle)
    nrf51_tag_status_write                   0x00020a59   Thumb Code    62  nrf51_tag_status_gatt.o(i.nrf51_tag_status_write)
    nrf51_tag_system_uptime_callback         0x00020a99   Thumb Code   198  nrf51_tag_rtc.o(i.nrf51_tag_system_uptime_callback)
    nrf51_tag_system_uptime_timer_start      0x00020bc5   Thumb Code    42  nrf51_tag_timers.o(i.nrf51_tag_system_uptime_timer_start)
    nrf51_tag_temperature_get                0x00020c11   Thumb Code    56  nrf51_tag_initialize.o(i.nrf51_tag_temperature_get)
    nrf51_tag_timers_init                    0x00020c69   Thumb Code   136  nrf51_tag_timers.o(i.nrf51_tag_timers_init)
    nrf51_tag_update_device_name             0x00020d31   Thumb Code    72  nrf51_tag_advertising.o(i.nrf51_tag_update_device_name)
    nrf51_tag_update_manufacturing_data      0x00020da1   Thumb Code    60  nrf51_tag_advertising.o(i.nrf51_tag_update_manufacturing_data)
    nrf51_tag_uptime_timeout_handler         0x00020de5   Thumb Code    10  nrf51_tag_timers.o(i.nrf51_tag_uptime_timeout_handler)
    nrf51_tag_version_get_name               0x00020df1   Thumb Code     4  nrf51_tag_version.o(i.nrf51_tag_version_get_name)
    nrf51_tag_version_get_version            0x00020df9   Thumb Code     4  nrf51_tag_version.o(i.nrf51_tag_version_get_version)
    nrf51_tag_version_get_version_length     0x00020e01   Thumb Code    10  nrf51_tag_version.o(i.nrf51_tag_version_get_version_length)
    nrf_drv_clock_init                       0x00020eb9   Thumb Code   100  nrf_drv_clock.o(i.nrf_drv_clock_init)
    nrf_drv_clock_on_sd_enable               0x00020f29   Thumb Code    48  nrf_drv_clock.o(i.nrf_drv_clock_on_sd_enable)
    nrf_drv_clock_on_soc_event               0x00020f5d   Thumb Code    14  nrf_drv_clock.o(i.nrf_drv_clock_on_soc_event)
    nrf_drv_common_irq_enable                0x00020f6d   Thumb Code    48  nrf_drv_common.o(i.nrf_drv_common_irq_enable)
    power_manage                             0x000211b1   Thumb Code    42  nrf51_tag_power_manage.o(i.power_manage)
    power_mode_off                           0x000211e1   Thumb Code     8  nrf51_tag_power_manage.o(i.power_mode_off)
    set_power_mode_off                       0x00021521   Thumb Code     8  nrf51_tag_power_manage.o(i.set_power_mode_off)
    softdevice_ble_evt_handler_set           0x0002152d   Thumb Code    22  softdevice_handler.o(i.softdevice_ble_evt_handler_set)
    softdevice_enable                        0x00021549   Thumb Code    34  softdevice_handler.o(i.softdevice_enable)
    softdevice_enable_get_default_config     0x00021571   Thumb Code    46  softdevice_handler.o(i.softdevice_enable_get_default_config)
    softdevice_fault_handler                 0x0002159f   Thumb Code    20  softdevice_handler.o(i.softdevice_fault_handler)
    softdevice_handler_init                  0x000215b5   Thumb Code   142  softdevice_handler.o(i.softdevice_handler_init)
    softdevice_handler_is_enabled            0x0002165d   Thumb Code     6  softdevice_handler.o(i.softdevice_handler_is_enabled)
    softdevice_on_ble_evt                    0x00021683   Thumb Code   302  nrf51_tag_on_ble_evt.o(i.softdevice_on_ble_evt)
    softdevice_sys_evt_handler_set           0x000217b1   Thumb Code    22  softdevice_handler.o(i.softdevice_sys_evt_handler_set)
    timer_test                               0x00021ae5   Thumb Code     2  main.o(i.timer_test)
    DB_ENTRY_LENGTH_32                       0x00022728   Data           4  nrf51_tag_db.o(.constdata)
    MAX_DB_PAGE_NUMBER                       0x0002272c   Data           2  nrf51_tag_db.o(.constdata)
    Region$$Table$$Base                      0x00022ef0   Number         0  anon$$obj.o(Region$$Table)
    Region$$Table$$Limit                     0x00022f10   Number         0  anon$$obj.o(Region$$Table)
    Image$$RW_IRAM1$$Base                    0x20002000   Number         0  anon$$obj.o ABSOLUTE
    SystemCoreClock                          0x20002088   Data           4  system_nrf51.o(.data)
    nrf_nvic_state                           0x2000208c   Data           8  app_util_platform.o(.data)
    s_sec_info_request                       0x200023a0   Data          20  nrf51_tag_connection_security.o(.bss)
    _SEGGER_RTT                              0x20002730   Data         168  segger_rtt.o(.bss)
    STACK$$Base                              0x20002be8   Number         0  arm_startup_nrf51.o(STACK)
    __initial_sp                             0x200033e8   Data           0  arm_startup_nrf51.o(STACK)



==============================================================================

Memory Map of the image

  Image Entry point : 0x0001b0c1

  Load Region LR_IROM1 (Base: 0x0001b000, Size: 0x00008070, Max: 0x00025000, ABSOLUTE, COMPRESSED[0x00007f48])

    Execution Region ER_IROM1 (Base: 0x0001b000, Size: 0x00007f10, Max: 0x00025000, ABSOLUTE)

    Base Addr    Size         Type   Attr      Idx    E Section Name        Object

    0x0001b000   0x000000c0   Data   RO         2179    RESET               arm_startup_nrf51.o
    0x0001b0c0   0x00000000   Code   RO         3917  * .ARM.Collect$$$$00000000  mc_p.l(entry.o)
    0x0001b0c0   0x00000004   Code   RO         4199    .ARM.Collect$$$$00000001  mc_p.l(entry2.o)
    0x0001b0c4   0x00000004   Code   RO         4202    .ARM.Collect$$$$00000004  mc_p.l(entry5.o)
    0x0001b0c8   0x00000000   Code   RO         4204    .ARM.Collect$$$$00000008  mc_p.l(entry7b.o)
    0x0001b0c8   0x00000000   Code   RO         4206    .ARM.Collect$$$$0000000A  mc_p.l(entry8b.o)
    0x0001b0c8   0x00000008   Code   RO         4207    .ARM.Collect$$$$0000000B  mc_p.l(entry9a.o)
    0x0001b0d0   0x00000000   Code   RO         4209    .ARM.Collect$$$$0000000D  mc_p.l(entry10a.o)
    0x0001b0d0   0x00000000   Code   RO         4211    .ARM.Collect$$$$0000000F  mc_p.l(entry11a.o)
    0x0001b0d0   0x00000004   Code   RO         4200    .ARM.Collect$$$$00002712  mc_p.l(entry2.o)
    0x0001b0d4   0x00000038   Code   RO         2180    .text               arm_startup_nrf51.o
    0x0001b10c   0x0000002c   Code   RO         3920    .text               mc_p.l(uidiv.o)
    0x0001b138   0x00000028   Code   RO         3922    .text               mc_p.l(idiv.o)
    0x0001b160   0x00000024   Code   RO         3924    .text               mc_p.l(memcpya.o)
    0x0001b184   0x00000024   Code   RO         3926    .text               mc_p.l(memseta.o)
    0x0001b1a8   0x0000000e   Code   RO         3928    .text               mc_p.l(strlen.o)
    0x0001b1b6   0x00000012   Code   RO         3930    .text               mc_p.l(strcpy.o)
    0x0001b1c8   0x00000014   Code   RO         4195    .text               mc_p.l(uread4.o)
    0x0001b1dc   0x00000012   Code   RO         4197    .text               mc_p.l(uwrite4.o)
    0x0001b1ee   0x00000002   PAD
    0x0001b1f0   0x00000024   Code   RO         4229    .text               mc_p.l(init.o)
    0x0001b214   0x00000056   Code   RO         4251    .text               mc_p.l(__dczerorl2.o)
    0x0001b26a   0x00000002   PAD
    0x0001b26c   0x00000020   Code   RO         3849    i.GPIOTE_IRQHandler  nrf51_tag_spi0_lis3dh.o
    0x0001b28c   0x0000002c   Code   RO         2186    i.GPIOTE_IRQHandler_BLE400  ble400_utils.o
    0x0001b2b8   0x00000014   Code   RO         3779    i.GPIOTE_IRQHandler_LIS3DH  nrf51_tag_lis3dh.o
    0x0001b2cc   0x00000014   Code   RO         2798    i.NVIC_ClearPendingIRQ  app_timer.o
    0x0001b2e0   0x00000014   Code   RO         3420    i.NVIC_DisableIRQ   softdevice_handler.o
    0x0001b2f4   0x00000014   Code   RO         2799    i.NVIC_EnableIRQ    app_timer.o
    0x0001b308   0x00000014   Code   RO         3421    i.NVIC_EnableIRQ    softdevice_handler.o
    0x0001b31c   0x00000014   Code   RO         2800    i.NVIC_SetPendingIRQ  app_timer.o
    0x0001b330   0x00000078   Code   RO         2509    i.NVIC_SetPriority  nrf_drv_common.o
    0x0001b3a8   0x00000078   Code   RO         2801    i.NVIC_SetPriority  app_timer.o
    0x0001b420   0x00000078   Code   RO         3850    i.NVIC_SetPriority  nrf51_tag_spi0_lis3dh.o
    0x0001b498   0x00000054   Code   RO         2299    i.POWER_CLOCK_IRQHandler  nrf_drv_clock.o
    0x0001b4ec   0x00000028   Code   RO         2802    i.RTC1_IRQHandler   app_timer.o
    0x0001b514   0x00000048   Code   RO         3580    i.SEGGER_RTT_Write  segger_rtt.o
    0x0001b55c   0x00000084   Code   RO         3581    i.SEGGER_RTT_WriteNoLock  segger_rtt.o
    0x0001b5e0   0x00000024   Code   RO         3736    i.SEGGER_RTT_printf  segger_rtt_printf.o
    0x0001b604   0x00000218   Code   RO         3737    i.SEGGER_RTT_vprintf  segger_rtt_printf.o
    0x0001b81c   0x00000008   Code   RO         2803    i.SWI0_IRQHandler   app_timer.o
    0x0001b824   0x0000002c   Code   RO         3363    i.SWI1_IRQHandler   ble_radio_notification.o
    0x0001b850   0x0000003c   Code   RO         3422    i.SWI2_IRQHandler   softdevice_handler.o
    0x0001b88c   0x00000064   Code   RO         2133    i.SystemInit        system_nrf51.o
    0x0001b8f0   0x00000070   Code   RO         3585    i._DoInit           segger_rtt.o
    0x0001b960   0x0000001c   Code   RO         3586    i._GetAvailWriteSpace  segger_rtt.o
    0x0001b97c   0x0000010e   Code   RO         3738    i._PrintInt         segger_rtt_printf.o
    0x0001ba8a   0x00000002   PAD
    0x0001ba8c   0x0000011c   Code   RO         3739    i._PrintUnsigned    segger_rtt_printf.o
    0x0001bba8   0x00000044   Code   RO         3740    i._StoreChar        segger_rtt_printf.o
    0x0001bbec   0x0000007a   Code   RO         3588    i._WriteBlocking    segger_rtt.o
    0x0001bc66   0x0000004a   Code   RO         3589    i._WriteNoCheck     segger_rtt.o
    0x0001bcb0   0x00000034   Code   RO         4090    i.__0snprintf$6     mc_p.l(printf6.o)
    0x0001bce4   0x0000001c   Code   RO         1298    i.__ARM_common_switch8  nrf51_tag_on_ble_evt.o
    0x0001bd00   0x0000000e   Code   RO         4245    i.__scatterload_copy  mc_p.l(handlers.o)
    0x0001bd0e   0x00000002   Code   RO         4246    i.__scatterload_null  mc_p.l(handlers.o)
    0x0001bd10   0x0000000e   Code   RO         4247    i.__scatterload_zeroinit  mc_p.l(handlers.o)
    0x0001bd1e   0x00000002   PAD
    0x0001bd20   0x00000024   Code   RO         3423    i.__sd_nvic_app_accessible_irq  softdevice_handler.o
    0x0001bd44   0x0000000c   Code   RO         2556    i.__sd_nvic_irq_disable  app_util_platform.o
    0x0001bd50   0x00000304   Code   RO         4096    i._printf_core      mc_p.l(printf6.o)
    0x0001c054   0x00000020   Code   RO         4097    i._printf_post_padding  mc_p.l(printf6.o)
    0x0001c074   0x0000002c   Code   RO         4098    i._printf_pre_padding  mc_p.l(printf6.o)
    0x0001c0a0   0x00000016   Code   RO         4099    i._snputc           mc_p.l(printf6.o)
    0x0001c0b6   0x0000001a   Code   RO         3147    i.addr_is_valid     ble_advertising.o
    0x0001c0d0   0x0000018e   Code   RO         3266    i.adv_data_encode   ble_advdata.o
    0x0001c25e   0x00000002   PAD
    0x0001c260   0x0000006c   Code   RO         3148    i.adv_mode_next_avail_get  ble_advertising.o
    0x0001c2cc   0x00000014   Code   RO         3267    i.advdata_check     ble_advdata.o
    0x0001c2e0   0x00000014   Code   RO          427    i.app_error_fault_handler  nrf51_tag_error.o
    0x0001c2f4   0x00000020   Code   RO         2756    i.app_error_handler  app_error.o
    0x0001c314   0x00000044   Code   RO         2806    i.app_timer_create  app_timer.o
    0x0001c358   0x0000008c   Code   RO         2807    i.app_timer_init    app_timer.o
    0x0001c3e4   0x00000054   Code   RO         2808    i.app_timer_start   app_timer.o
    0x0001c438   0x00000054   Code   RO         2557    i.app_util_critical_region_enter  app_util_platform.o
    0x0001c48c   0x00000040   Code   RO         2558    i.app_util_critical_region_exit  app_util_platform.o
    0x0001c4cc   0x00000054   Code   RO         3268    i.appearance_encode  ble_advdata.o
    0x0001c520   0x000000a4   Code   RO          395    i.bd_address        nrf51_tag_debug.o
    0x0001c5c4   0x00000018   Code   RO         2187    i.ble400_initialize_buttons  ble400_utils.o
    0x0001c5dc   0x00000098   Code   RO         3269    i.ble_advdata_set   ble_advdata.o
    0x0001c674   0x000001b8   Code   RO         3150    i.ble_advertising_init  ble_advertising.o
    0x0001c82c   0x00000174   Code   RO         3155    i.ble_advertising_start  ble_advertising.o
    0x0001c9a0   0x00000070   Code   RO         3270    i.ble_device_addr_encode  ble_advdata.o
    0x0001ca10   0x000001b4   Code   RO         3041    i.ble_dis_init      ble_dis.o
    0x0001cbc4   0x0000000c   Code   RO          633    i.ble_evt_dispatch  nrf51_tag_ble_stack.o
    0x0001cbd0   0x00000012   Code   RO         3083    i.ble_srv_ascii_to_utf8  ble_srv_common.o
    0x0001cbe2   0x00000002   PAD
    0x0001cbe4   0x00000128   Code   RO         3042    i.char_add          ble_dis.o
    0x0001cd0c   0x00000034   Code   RO         2300    i.clock_clk_started_notify  nrf_drv_clock.o
    0x0001cd40   0x0000008c   Code   RO         2811    i.compare_reg_update  app_timer.o
    0x0001cdcc   0x0000005c   Code   RO         3271    i.conn_int_check    ble_advdata.o
    0x0001ce28   0x0000006a   Code   RO         3272    i.conn_int_encode   ble_advdata.o
    0x0001ce92   0x00000002   PAD
    0x0001ce94   0x00000064   Code   RO         2812    i.elapsed_ticks_acquire  app_timer.o
    0x0001cef8   0x00000050   Code   RO          519    i.enter_low_power_mode  nrf51_tag_power_manage.o
    0x0001cf48   0x0000005c   Code   RO         2813    i.expired_timers_handler  app_timer.o
    0x0001cfa4   0x00000036   Code   RO         3273    i.flags_encode      ble_advdata.o
    0x0001cfda   0x00000016   Code   RO         3157    i.flash_access_in_progress  ble_advertising.o
    0x0001cff0   0x00000018   Code   RO         2620    i.fs_queued_op_count_get  fstorage.o
    0x0001d008   0x0000000c   Code   RO         2066    i.get_accelerometer_sample_rate  nrf51_tag_config_params.o
    0x0001d014   0x0000000c   Code   RO         2067    i.get_accelerometer_threshold  nrf51_tag_config_params.o
    0x0001d020   0x00000010   Code   RO         2068    i.get_adv_interval  nrf51_tag_config_params.o
    0x0001d030   0x00000010   Code   RO         2069    i.get_adv_time      nrf51_tag_config_params.o
    0x0001d040   0x00000010   Code   RO         2070    i.get_adv_timeout   nrf51_tag_config_params.o
    0x0001d050   0x0000000c   Code   RO         2071    i.get_rtc_sample_rate  nrf51_tag_config_params.o
    0x0001d05c   0x0000000c   Code   RO          760    i.get_system_time   nrf51_tag_timers.o
    0x0001d068   0x00000010   Code   RO         2072    i.get_tag_serial_number  nrf51_tag_config_params.o
    0x0001d078   0x00000070   Code   RO         1802    i.init_arr          nrf51_tag_status_gatt.o
    0x0001d0e8   0x00000014   Code   RO          521    i.initialize_power_manage  nrf51_tag_power_manage.o
    0x0001d0fc   0x000000d8   Code   RO         3424    i.intern_softdevice_events_execute  softdevice_handler.o
    0x0001d1d4   0x00000038   Code   RO         2134    i.is_disabled_in_debug_needed  system_nrf51.o
    0x0001d20c   0x0000006c   Code   RO         2135    i.is_manual_peripheral_setup_needed  system_nrf51.o
    0x0001d278   0x00000054   Code   RO         2136    i.is_peripheral_domain_setup_needed  system_nrf51.o
    0x0001d2cc   0x0000000e   Code   RO         2303    i.item_dequeue      nrf_drv_clock.o
    0x0001d2da   0x00000002   PAD
    0x0001d2dc   0x00000128   Code   RO         1596    i.lis3dh_read_int1_data  nrf51_tag_rtc.o
    0x0001d404   0x0000007c   Code   RO         2814    i.list_deletions_handler  app_timer.o
    0x0001d480   0x000000f8   Code   RO         2815    i.list_insertions_handler  app_timer.o
    0x0001d578   0x00000164   Code   RO            3    i.main              main.o
    0x0001d6dc   0x00000078   Code   RO         3274    i.manuf_specific_data_encode  ble_advdata.o
    0x0001d754   0x0000000c   Code   RO            4    i.ml_active_tasks_idle  main.o
    0x0001d760   0x0000001c   Code   RO            5    i.ml_clear_active_task  main.o
    0x0001d77c   0x000000c6   Code   RO         3275    i.name_encode       ble_advdata.o
    0x0001d842   0x00000002   PAD
    0x0001d844   0x000000f4   Code   RO         1124    i.nrf51_tag_advertising_packet_initialize  nrf51_tag_advertising.o
    0x0001d938   0x00000120   Code   RO          428    i.nrf51_tag_app_error  nrf51_tag_error.o
    0x0001da58   0x000003bc   Code   RO         1305    i.nrf51_tag_ble_gap_evt_debug  nrf51_tag_dbg_ble_on_evt.o
    0x0001de14   0x00000108   Code   RO          637    i.nrf51_tag_ble_stack_enable  nrf51_tag_ble_stack.o
    0x0001df1c   0x0000000a   Code   RO          761    i.nrf51_tag_connection_interval_timeout_handler  nrf51_tag_timers.o
    0x0001df26   0x00000002   PAD
    0x0001df28   0x00000050   Code   RO         1597    i.nrf51_tag_data_ready  nrf51_tag_rtc.o
    0x0001df78   0x000000f4   Code   RO         1644    i.nrf51_tag_database_sys_evt  nrf51_tag_db.o
    0x0001e06c   0x0000000c   Code   RO         1645    i.nrf51_tag_db_entry_count  nrf51_tag_db.o
    0x0001e078   0x000000b4   Code   RO         1646    i.nrf51_tag_db_entry_count_scan  nrf51_tag_db.o
    0x0001e12c   0x00000024   Code   RO         1647    i.nrf51_tag_db_entry_empty  nrf51_tag_db.o
    0x0001e150   0x0000002a   Code   RO         1650    i.nrf51_tag_db_find_tail  nrf51_tag_db.o
    0x0001e17a   0x00000016   Code   RO         1651    i.nrf51_tag_db_flash_read  nrf51_tag_db.o
    0x0001e190   0x00000144   Code   RO         1652    i.nrf51_tag_db_initialize  nrf51_tag_db.o
    0x0001e2d4   0x00000128   Code   RO         1653    i.nrf51_tag_db_read_entry  nrf51_tag_db.o
    0x0001e3fc   0x000000b8   Code   RO         1654    i.nrf51_tag_db_write_entry  nrf51_tag_db.o
    0x0001e4b4   0x000001b4   Code   RO         1306    i.nrf51_tag_dbg_authentication_status  nrf51_tag_dbg_ble_on_evt.o
    0x0001e668   0x00000150   Code   RO         1307    i.nrf51_tag_dbg_ble_gatts_evt  nrf51_tag_dbg_ble_on_evt.o
    0x0001e7b8   0x000001d8   Code   RO          923    i.nrf51_tag_dbg_connection_event  nrf51_tag_connection_settings.o
    0x0001e990   0x00000040   Code   RO          924    i.nrf51_tag_dbg_disconnect_event  nrf51_tag_connection_settings.o
    0x0001e9d0   0x000000e0   Code   RO         1308    i.nrf51_tag_dbg_gap_enc_key  nrf51_tag_dbg_ble_on_evt.o
    0x0001eab0   0x00000080   Code   RO         1309    i.nrf51_tag_dbg_gap_id_key  nrf51_tag_dbg_ble_on_evt.o
    0x0001eb30   0x000000b0   Code   RO         1310    i.nrf51_tag_dbg_sd_evt  nrf51_tag_dbg_ble_on_evt.o
    0x0001ebe0   0x00000020   Code   RO          925    i.nrf51_tag_disconnect  nrf51_tag_connection_settings.o
    0x0001ec00   0x00000002   Code   RO         1395    i.nrf51_tag_gap_conn_param_update_request  nrf51_tag_on_ble_evt_gap.o
    0x0001ec02   0x00000002   Code   RO         1396    i.nrf51_tag_gap_evt_adv_report  nrf51_tag_on_ble_evt_gap.o
    0x0001ec04   0x00000002   Code   RO         1397    i.nrf51_tag_gap_evt_authentication_key_request  nrf51_tag_on_ble_evt_gap.o
    0x0001ec06   0x0000000e   Code   RO         1398    i.nrf51_tag_gap_evt_authentication_status  nrf51_tag_on_ble_evt_gap.o
    0x0001ec14   0x0000001e   Code   RO         1399    i.nrf51_tag_gap_evt_connect  nrf51_tag_on_ble_evt_gap.o
    0x0001ec32   0x00000002   Code   RO         1400    i.nrf51_tag_gap_evt_connection_parameters_update  nrf51_tag_on_ble_evt_gap.o
    0x0001ec34   0x0000000c   Code   RO         1401    i.nrf51_tag_gap_evt_connection_security_update  nrf51_tag_on_ble_evt_gap.o
    0x0001ec40   0x0000000c   Code   RO         1402    i.nrf51_tag_gap_evt_disconnect  nrf51_tag_on_ble_evt_gap.o
    0x0001ec4c   0x00000002   Code   RO         1403    i.nrf51_tag_gap_evt_key_pressed  nrf51_tag_on_ble_evt_gap.o
    0x0001ec4e   0x00000002   Code   RO         1404    i.nrf51_tag_gap_evt_passkey_display  nrf51_tag_on_ble_evt_gap.o
    0x0001ec50   0x00000002   Code   RO         1405    i.nrf51_tag_gap_evt_rssi_changed  nrf51_tag_on_ble_evt_gap.o
    0x0001ec52   0x00000002   Code   RO         1406    i.nrf51_tag_gap_evt_scan_request_report  nrf51_tag_on_ble_evt_gap.o
    0x0001ec54   0x00000014   Code   RO         1407    i.nrf51_tag_gap_evt_security_info_request  nrf51_tag_on_ble_evt_gap.o
    0x0001ec68   0x00000088   Code   RO         1408    i.nrf51_tag_gap_evt_security_parameters_request  nrf51_tag_on_ble_evt_gap.o
    0x0001ecf0   0x00000002   Code   RO         1409    i.nrf51_tag_gap_evt_security_request  nrf51_tag_on_ble_evt_gap.o
    0x0001ecf2   0x00000002   PAD
    0x0001ecf4   0x00000024   Code   RO         1410    i.nrf51_tag_gap_evt_timeout  nrf51_tag_on_ble_evt_gap.o
    0x0001ed18   0x0000000c   Code   RO         1508    i.nrf51_tag_gatts_evt_authorize_request  nrf51_tag_on_ble_evt_gatt.o
    0x0001ed24   0x0000000c   Code   RO         1509    i.nrf51_tag_gatts_evt_handle_value_confirmation  nrf51_tag_on_ble_evt_gatt.o
    0x0001ed30   0x0000000c   Code   RO         1510    i.nrf51_tag_gatts_evt_service_change_confirm  nrf51_tag_on_ble_evt_gatt.o
    0x0001ed3c   0x0000000c   Code   RO         1511    i.nrf51_tag_gatts_evt_system_attribute_missing  nrf51_tag_on_ble_evt_gatt.o
    0x0001ed48   0x0000000c   Code   RO         1512    i.nrf51_tag_gatts_evt_timeout  nrf51_tag_on_ble_evt_gatt.o
    0x0001ed54   0x0000000c   Code   RO         1513    i.nrf51_tag_gatts_evt_write  nrf51_tag_on_ble_evt_gatt.o
    0x0001ed60   0x0000000c   Code   RO          926    i.nrf51_tag_get_connection_handle  nrf51_tag_connection_settings.o
    0x0001ed6c   0x00000004   Code   RO         1126    i.nrf51_tag_get_device_name_length  nrf51_tag_advertising.o
    0x0001ed70   0x00000008   Code   RO         1127    i.nrf51_tag_get_manufacturing_data  nrf51_tag_advertising.o
    0x0001ed78   0x00000004   Code   RO         1128    i.nrf51_tag_get_manufacturing_data_length  nrf51_tag_advertising.o
    0x0001ed7c   0x00000008   Code   RO          858    i.nrf51_tag_get_security_parameters  nrf51_tag_security_parameters.o
    0x0001ed84   0x00000008   Code   RO         1358    i.nrf51_tag_get_security_parameters_keysets  nrf51_tag_authentication_status.o
    0x0001ed8c   0x0000000c   Code   RO         1598    i.nrf51_tag_get_system_uptime  nrf51_tag_rtc.o
    0x0001ed98   0x00000024   Code   RO         1226    i.nrf51_tag_get_whitelist  nrf51_tag_whitelist.o
    0x0001edbc   0x0000001c   Code   RO         1227    i.nrf51_tag_get_whitelist_filter_policy  nrf51_tag_whitelist.o
    0x0001edd8   0x00000064   Code   RO         3851    i.nrf51_tag_gpio_port_event_init  nrf51_tag_spi0_lis3dh.o
    0x0001ee3c   0x0000001c   Code   RO          604    i.nrf51_tag_initialize  nrf51_tag_initialize.o
    0x0001ee58   0x00000010   Code   RO         1359    i.nrf51_tag_initialize_authentication_status  nrf51_tag_authentication_status.o
    0x0001ee68   0x00000038   Code   RO          940    i.nrf51_tag_initialize_connection_settings  nrf51_tag_connection_settings.o
    0x0001eea0   0x0000002c   Code   RO         1060    i.nrf51_tag_initialize_gap_conn_sec  nrf51_tag_connection_security.o
    0x0001eecc   0x0000002c   Code   RO         1061    i.nrf51_tag_initialize_gap_sec_info_request  nrf51_tag_connection_security.o
    0x0001eef8   0x00000018   Code   RO         1599    i.nrf51_tag_initialize_rtc  nrf51_tag_rtc.o
    0x0001ef10   0x0000000c   Code   RO         1726    i.nrf51_tag_initialize_services  nrf51_tag_services_init.o
    0x0001ef1c   0x0000003c   Code   RO         3780    i.nrf51_tag_lis3dh_init  nrf51_tag_lis3dh.o
    0x0001ef58   0x00000090   Code   RO         3781    i.nrf51_tag_lis3dh_int1_enabled  nrf51_tag_lis3dh.o
    0x0001efe8   0x00000028   Code   RO         3782    i.nrf51_tag_lis3dh_read_register  nrf51_tag_lis3dh.o
    0x0001f010   0x00000090   Code   RO         3784    i.nrf51_tag_lis3dh_reset  nrf51_tag_lis3dh.o
    0x0001f0a0   0x0000001c   Code   RO         3786    i.nrf51_tag_lis3dh_write_register  nrf51_tag_lis3dh.o
    0x0001f0bc   0x000000a8   Code   RO          524    i.nrf51_tag_module_power_settings  nrf51_tag_power_manage.o
    0x0001f164   0x00000002   Code   RO         1561    i.nrf51_tag_sd_evt_tx_complete  nrf51_tag_on_ble_evt_sd.o
    0x0001f166   0x00000002   Code   RO         1562    i.nrf51_tag_sd_evt_user_memory  nrf51_tag_on_ble_evt_sd.o
    0x0001f168   0x00000002   Code   RO         1563    i.nrf51_tag_sd_evt_user_memory_release  nrf51_tag_on_ble_evt_sd.o
    0x0001f16a   0x00000002   PAD
    0x0001f16c   0x00000098   Code   RO          639    i.nrf51_tag_service_init_dis  nrf51_tag_ble_stack.o
    0x0001f204   0x00000038   Code   RO         1129    i.nrf51_tag_set_advertising_parameters  nrf51_tag_advertising.o
    0x0001f23c   0x00000002   Code   RO          735    i.nrf51_tag_set_connection_parameters  nrf51_tag_connection_parameters.o
    0x0001f23e   0x00000002   PAD
    0x0001f240   0x00000028   Code   RO          941    i.nrf51_tag_set_connection_settings  nrf51_tag_connection_settings.o
    0x0001f268   0x000000c8   Code   RO         1360    i.nrf51_tag_set_gap_auth_status  nrf51_tag_authentication_status.o
    0x0001f330   0x00000018   Code   RO         1062    i.nrf51_tag_set_gap_conn_sec  nrf51_tag_connection_security.o
    0x0001f348   0x0000006c   Code   RO          706    i.nrf51_tag_set_gap_device_name  nrf51_tag_gap_params.o
    0x0001f3b4   0x0000007c   Code   RO          707    i.nrf51_tag_set_gap_parameters  nrf51_tag_gap_params.o
    0x0001f430   0x0000001c   Code   RO         1063    i.nrf51_tag_set_gap_sec_info_request  nrf51_tag_connection_security.o
    0x0001f44c   0x000000c4   Code   RO          860    i.nrf51_tag_set_security_parameters  nrf51_tag_security_parameters.o
    0x0001f510   0x00000404   Code   RO          861    i.nrf51_tag_set_security_parameters_request  nrf51_tag_security_parameters.o
    0x0001f914   0x00000068   Code   RO          491    i.nrf51_tag_set_tx_power  nrf51_tag_tx_power.o
    0x0001f97c   0x000000a8   Code   RO         3852    i.nrf51_tag_spi0_lis3dh_init  nrf51_tag_spi0_lis3dh.o
    0x0001fa24   0x000000c0   Code   RO         3853    i.nrf51_tag_spi_lis3dh_cmd  nrf51_tag_spi0_lis3dh.o
    0x0001fae4   0x0000003c   Code   RO         3854    i.nrf51_tag_spi_tx_byte_transferred  nrf51_tag_spi0_lis3dh.o
    0x0001fb20   0x0000004c   Code   RO          640    i.nrf51_tag_stack_init  nrf51_tag_ble_stack.o
    0x0001fb6c   0x00000168   Code   RO         1130    i.nrf51_tag_start_advertising  nrf51_tag_advertising.o
    0x0001fcd4   0x00000184   Code   RO         1749    i.nrf51_tag_status_activity_read_records_char_add  nrf51_tag_status_characteristic.o
    0x0001fe58   0x0000000c   Code   RO         1973    i.nrf51_tag_status_activity_read_records_value_handle  nrf51_tag_status_service.o
    0x0001fe64   0x0000017c   Code   RO         1750    i.nrf51_tag_status_activity_record_count_char_add  nrf51_tag_status_characteristic.o
    0x0001ffe0   0x0000000c   Code   RO         1974    i.nrf51_tag_status_activity_record_count_value_handle  nrf51_tag_status_service.o
    0x0001ffec   0x000000bc   Code   RO         1807    i.nrf51_tag_status_authorize_request  nrf51_tag_status_gatt.o
    0x000200a8   0x00000178   Code   RO         1751    i.nrf51_tag_status_battery_level_char_add  nrf51_tag_status_characteristic.o
    0x00020220   0x0000000c   Code   RO         1976    i.nrf51_tag_status_battery_level_value_handle  nrf51_tag_status_service.o
    0x0002022c   0x00000180   Code   RO         1752    i.nrf51_tag_status_firmware_revision_char_add  nrf51_tag_status_characteristic.o
    0x000203ac   0x0000000c   Code   RO         1977    i.nrf51_tag_status_firmware_revision_value_handle  nrf51_tag_status_service.o
    0x000203b8   0x00000002   Code   RO         1812    i.nrf51_tag_status_handle_value_confirmation  nrf51_tag_status_gatt.o
    0x000203ba   0x00000002   Code   RO         1813    i.nrf51_tag_status_service_change_confirm  nrf51_tag_status_gatt.o
    0x000203bc   0x0000013c   Code   RO         1978    i.nrf51_tag_status_service_initialize  nrf51_tag_status_service.o
    0x000204f8   0x00000070   Code   RO         1814    i.nrf51_tag_status_set_authorize_reply  nrf51_tag_status_gatt.o
    0x00020568   0x000000c0   Code   RO         1815    i.nrf51_tag_status_set_authorize_reply_read_activity_read_records  nrf51_tag_status_gatt.o
    0x00020628   0x000000ac   Code   RO         1816    i.nrf51_tag_status_set_authorize_reply_read_activity_record_count  nrf51_tag_status_gatt.o
    0x000206d4   0x00000018   Code   RO         1817    i.nrf51_tag_status_set_authorize_reply_read_battery_level  nrf51_tag_status_gatt.o
    0x000206ec   0x0000002c   Code   RO         1818    i.nrf51_tag_status_set_authorize_reply_read_firmware_revision  nrf51_tag_status_gatt.o
    0x00020718   0x0000001a   Code   RO         1819    i.nrf51_tag_status_set_authorize_reply_read_temperature  nrf51_tag_status_gatt.o
    0x00020732   0x0000001a   Code   RO         1820    i.nrf51_tag_status_set_authorize_reply_read_uptime  nrf51_tag_status_gatt.o
    0x0002074c   0x00000002   Code   RO         1821    i.nrf51_tag_status_system_attribute_missing  nrf51_tag_status_gatt.o
    0x0002074e   0x00000002   PAD
    0x00020750   0x00000178   Code   RO         1753    i.nrf51_tag_status_temperature_char_add  nrf51_tag_status_characteristic.o
    0x000208c8   0x0000000c   Code   RO         1980    i.nrf51_tag_status_temperature_value_handle  nrf51_tag_status_service.o
    0x000208d4   0x00000002   Code   RO         1824    i.nrf51_tag_status_timeout  nrf51_tag_status_gatt.o
    0x000208d6   0x00000002   PAD
    0x000208d8   0x00000174   Code   RO         1754    i.nrf51_tag_status_uptime_char_add  nrf51_tag_status_characteristic.o
    0x00020a4c   0x0000000c   Code   RO         1982    i.nrf51_tag_status_uptime_value_handle  nrf51_tag_status_service.o
    0x00020a58   0x0000003e   Code   RO         1827    i.nrf51_tag_status_write  nrf51_tag_status_gatt.o
    0x00020a96   0x00000002   PAD
    0x00020a98   0x0000012c   Code   RO         1600    i.nrf51_tag_system_uptime_callback  nrf51_tag_rtc.o
    0x00020bc4   0x0000004c   Code   RO          764    i.nrf51_tag_system_uptime_timer_start  nrf51_tag_timers.o
    0x00020c10   0x00000058   Code   RO          605    i.nrf51_tag_temperature_get  nrf51_tag_initialize.o
    0x00020c68   0x000000c8   Code   RO          765    i.nrf51_tag_timers_init  nrf51_tag_timers.o
    0x00020d30   0x00000070   Code   RO         1132    i.nrf51_tag_update_device_name  nrf51_tag_advertising.o
    0x00020da0   0x00000044   Code   RO         1133    i.nrf51_tag_update_manufacturing_data  nrf51_tag_advertising.o
    0x00020de4   0x0000000a   Code   RO          766    i.nrf51_tag_uptime_timeout_handler  nrf51_tag_timers.o
    0x00020dee   0x00000002   PAD
    0x00020df0   0x00000008   Code   RO          456    i.nrf51_tag_version_get_name  nrf51_tag_version.o
    0x00020df8   0x00000008   Code   RO          457    i.nrf51_tag_version_get_version  nrf51_tag_version.o
    0x00020e00   0x00000010   Code   RO          458    i.nrf51_tag_version_get_version_length  nrf51_tag_version.o
    0x00020e10   0x00000016   Code   RO         2307    i.nrf_clock_event_check  nrf_drv_clock.o
    0x00020e26   0x0000000c   Code   RO         2308    i.nrf_clock_event_clear  nrf_drv_clock.o
    0x00020e32   0x00000002   PAD
    0x00020e34   0x0000000c   Code   RO         2310    i.nrf_clock_int_disable  nrf_drv_clock.o
    0x00020e40   0x0000003c   Code   RO         2816    i.nrf_delay_us      app_timer.o
    0x00020e7c   0x0000003c   Code   RO         3787    i.nrf_delay_us      nrf51_tag_lis3dh.o
    0x00020eb8   0x00000070   Code   RO         2319    i.nrf_drv_clock_init  nrf_drv_clock.o
    0x00020f28   0x00000034   Code   RO         2326    i.nrf_drv_clock_on_sd_enable  nrf_drv_clock.o
    0x00020f5c   0x0000000e   Code   RO         2327    i.nrf_drv_clock_on_soc_event  nrf_drv_clock.o
    0x00020f6a   0x00000002   PAD
    0x00020f6c   0x00000038   Code   RO         2511    i.nrf_drv_common_irq_enable  nrf_drv_common.o
    0x00020fa4   0x0000002a   Code   RO         2193    i.nrf_gpio_cfg      ble400_utils.o
    0x00020fce   0x0000002a   Code   RO         3855    i.nrf_gpio_cfg      nrf51_tag_spi0_lis3dh.o
    0x00020ff8   0x00000018   Code   RO         3856    i.nrf_gpio_cfg_output  nrf51_tag_spi0_lis3dh.o
    0x00021010   0x0000001c   Code   RO         2195    i.nrf_gpio_cfg_sense_input  ble400_utils.o
    0x0002102c   0x0000001a   Code   RO         2196    i.nrf_gpio_pin_read  ble400_utils.o
    0x00021046   0x00000018   Code   RO         3857    i.nrf_gpio_pin_set  nrf51_tag_spi0_lis3dh.o
    0x0002105e   0x00000040   Code   RO         2197    i.nrf_gpio_pin_write  ble400_utils.o
    0x0002109e   0x00000002   PAD
    0x000210a0   0x0000003c   Code   RO         1134    i.on_adv_evt        nrf51_tag_advertising.o
    0x000210dc   0x000000d4   Code   RO         3043    i.pnp_id_encode     ble_dis.o
    0x000211b0   0x00000030   Code   RO          525    i.power_manage      nrf51_tag_power_manage.o
    0x000211e0   0x0000000c   Code   RO          526    i.power_mode_off    nrf51_tag_power_manage.o
    0x000211ec   0x0000000c   Code   RO         2817    i.rtc1_compare0_set  app_timer.o
    0x000211f8   0x0000000c   Code   RO         2818    i.rtc1_counter_get  app_timer.o
    0x00021204   0x00000018   Code   RO         2819    i.rtc1_init         app_timer.o
    0x0002121c   0x0000003c   Code   RO         2820    i.rtc1_start        app_timer.o
    0x00021258   0x00000058   Code   RO         2821    i.rtc1_stop         app_timer.o
    0x000212b0   0x000000ac   Code   RO         3426    i.sd_nvic_EnableIRQ  softdevice_handler.o
    0x0002135c   0x00000096   Code   RO         3276    i.service_data_encode  ble_advdata.o
    0x000213f2   0x00000002   PAD
    0x000213f4   0x00000020   Code   RO         3161    i.set_adv_mode_directed  ble_advertising.o
    0x00021414   0x0000002c   Code   RO         3162    i.set_adv_mode_directed_slow  ble_advertising.o
    0x00021440   0x00000070   Code   RO         3163    i.set_adv_mode_fast  ble_advertising.o
    0x000214b0   0x00000070   Code   RO         3164    i.set_adv_mode_slow  ble_advertising.o
    0x00021520   0x0000000c   Code   RO          528    i.set_power_mode_off  nrf51_tag_power_manage.o
    0x0002152c   0x0000001c   Code   RO         3427    i.softdevice_ble_evt_handler_set  softdevice_handler.o
    0x00021548   0x00000028   Code   RO         3428    i.softdevice_enable  softdevice_handler.o
    0x00021570   0x0000002e   Code   RO         3429    i.softdevice_enable_get_default_config  softdevice_handler.o
    0x0002159e   0x00000014   Code   RO         3430    i.softdevice_fault_handler  softdevice_handler.o
    0x000215b2   0x00000002   PAD
    0x000215b4   0x000000a8   Code   RO         3431    i.softdevice_handler_init  softdevice_handler.o
    0x0002165c   0x0000000c   Code   RO         3432    i.softdevice_handler_is_enabled  softdevice_handler.o
    0x00021668   0x0000001a   Code   RO          530    i.softdevice_is_enabled  nrf51_tag_power_manage.o
    0x00021682   0x0000012e   Code   RO         1280    i.softdevice_on_ble_evt  nrf51_tag_on_ble_evt.o
    0x000217b0   0x0000001c   Code   RO         3437    i.softdevice_sys_evt_handler_set  softdevice_handler.o
    0x000217cc   0x00000010   Code   RO         3277    i.srdata_check      ble_advdata.o
    0x000217dc   0x0000000c   Code   RO          641    i.sys_evt_dispatch  nrf51_tag_ble_stack.o
    0x000217e8   0x000000dc   Code   RO         3044    i.sys_id_encode     ble_dis.o
    0x000218c4   0x0000000a   Code   RO         2822    i.ticks_diff_get    app_timer.o
    0x000218ce   0x00000002   PAD
    0x000218d0   0x00000078   Code   RO         2823    i.timeout_handler_exec  app_timer.o
    0x00021948   0x00000058   Code   RO         2824    i.timer_list_handler  app_timer.o
    0x000219a0   0x0000000a   Code   RO         2825    i.timer_list_handler_sched  app_timer.o
    0x000219aa   0x00000002   PAD
    0x000219ac   0x0000006c   Code   RO         2826    i.timer_list_insert  app_timer.o
    0x00021a18   0x00000070   Code   RO         2827    i.timer_list_remove  app_timer.o
    0x00021a88   0x0000005c   Code   RO         2828    i.timer_start_op_schedule  app_timer.o
    0x00021ae4   0x00000002   Code   RO            7    i.timer_test        main.o
    0x00021ae6   0x00000002   PAD
    0x00021ae8   0x00000094   Code   RO         2830    i.timer_timeouts_check  app_timer.o
    0x00021b7c   0x0000000a   Code   RO         2831    i.timer_timeouts_check_sched  app_timer.o
    0x00021b86   0x00000036   Code   RO         3278    i.tx_power_level_encode  ble_advdata.o
    0x00021bbc   0x00000012   Code   RO         1135    i.uint16_encode     nrf51_tag_advertising.o
    0x00021bce   0x00000012   Code   RO         3045    i.uint16_encode     ble_dis.o
    0x00021be0   0x00000012   Code   RO         3279    i.uint16_encode     ble_advdata.o
    0x00021bf2   0x00000002   PAD
    0x00021bf4   0x00000038   Code   RO         2832    i.user_op_alloc     app_timer.o
    0x00021c2c   0x0000000c   Code   RO         2833    i.user_op_enque     app_timer.o
    0x00021c38   0x0000004c   Code   RO         3280    i.uuid_list_encode  ble_advdata.o
    0x00021c84   0x000000e0   Code   RO         3281    i.uuid_list_sized_encode  ble_advdata.o
    0x00021d64   0x0000001c   Code   RO         3165    i.whitelist_has_entries  ble_advertising.o
    0x00021d80   0x00000108   Data   RO            8    .constdata          main.o
    0x00021e88   0x00000004   Data   RO          397    .constdata          nrf51_tag_debug.o
    0x00021e8c   0x00000013   Data   RO          459    .constdata          nrf51_tag_version.o
    0x00021e9f   0x00000033   Data   RO          492    .constdata          nrf51_tag_tx_power.o
    0x00021ed2   0x00000002   PAD
    0x00021ed4   0x0000010c   Data   RO          643    .constdata          nrf51_tag_ble_stack.o
    0x00021fe0   0x00000029   Data   RO          768    .constdata          nrf51_tag_timers.o
    0x00022009   0x00000003   PAD
    0x0002200c   0x00000131   Data   RO          862    .constdata          nrf51_tag_security_parameters.o
    0x0002213d   0x00000003   PAD
    0x00022140   0x00000138   Data   RO          943    .constdata          nrf51_tag_connection_settings.o
    0x00022278   0x00000166   Data   RO         1065    .constdata          nrf51_tag_connection_security.o
    0x000223de   0x00000002   PAD
    0x000223e0   0x00000140   Data   RO         1137    .constdata          nrf51_tag_advertising.o
    0x00022520   0x00000104   Data   RO         1411    .constdata          nrf51_tag_on_ble_evt_gap.o
    0x00022624   0x0000012d   Data   RO         1656    .constdata          nrf51_tag_db.o
    0x00022751   0x00000003   PAD
    0x00022754   0x00000114   Data   RO         1984    .constdata          nrf51_tag_status_service.o
    0x00022868   0x00000010   Data   RO         3741    .constdata          segger_rtt_printf.o
    0x00022878   0x00000104   Data   RO         3788    .constdata          nrf51_tag_lis3dh.o
    0x0002297c   0x00000478   Data   RO            9    .conststring        main.o
    0x00022df4   0x00000003   Data   RO          398    .conststring        nrf51_tag_debug.o
    0x00022df7   0x00000001   PAD
    0x00022df8   0x0000001b   Data   RO          644    .conststring        nrf51_tag_ble_stack.o
    0x00022e13   0x00000001   PAD
    0x00022e14   0x00000085   Data   RO         1312    .conststring        nrf51_tag_dbg_ble_on_evt.o
    0x00022e99   0x00000003   PAD
    0x00022e9c   0x00000053   Data   RO         3438    .conststring        softdevice_handler.o
    0x00022eef   0x00000001   PAD
    0x00022ef0   0x00000020   Data   RO         4243    Region$$Table       anon$$obj.o


    Execution Region RW_IRAM1 (Base: 0x20002000, Size: 0x000013e8, Max: 0x00002000, ABSOLUTE, COMPRESSED[0x00000038])

    Base Addr    Size         Type   Attr      Idx    E Section Name        Object

    0x20002000   0x00000004   Data   RW           10    .data               main.o
    0x20002004   0x00000001   Data   RW          493    .data               nrf51_tag_tx_power.o
    0x20002005   0x00000001   Data   RW          531    .data               nrf51_tag_power_manage.o
    0x20002006   0x00000004   Data   RW          645    .data               nrf51_tag_ble_stack.o
    0x2000200a   0x0000000a   Data   RW          864    .data               nrf51_tag_security_parameters.o
    0x20002014   0x00000003   Data   RW          945    .data               nrf51_tag_connection_settings.o
    0x20002017   0x00000002   Data   RW         1067    .data               nrf51_tag_connection_security.o
    0x20002019   0x00000003   PAD
    0x2000201c   0x00000028   Data   RW         1364    .data               nrf51_tag_authentication_status.o
    0x20002044   0x0000001f   Data   RW         1604    .data               nrf51_tag_rtc.o
    0x20002063   0x00000001   PAD
    0x20002064   0x0000000d   Data   RW         1658    .data               nrf51_tag_db.o
    0x20002071   0x00000003   PAD
    0x20002074   0x00000005   Data   RW         1831    .data               nrf51_tag_status_gatt.o
    0x20002079   0x0000000f   Data   RW         2076    .data               nrf51_tag_config_params.o
    0x20002088   0x00000004   Data   RW         2137    .data               system_nrf51.o
    0x2000208c   0x0000000c   Data   RW         2561    .data               app_util_platform.o
    0x20002098   0x00000022   Data   RW         2834    .data               app_timer.o
    0x200020ba   0x0000004a   Data   RW         3046    .data               ble_dis.o
    0x20002104   0x00000030   Data   RW         3167    .data               ble_advertising.o
    0x20002134   0x00000008   Data   RW         3368    .data               ble_radio_notification.o
    0x2000213c   0x00000018   Data   RW         3439    .data               softdevice_handler.o
    0x20002154   0x00000005   Data   RW         3790    .data               nrf51_tag_lis3dh.o
    0x20002159   0x00000003   PAD
    0x2000215c   0x00000004   Data   RW         3860    .data               nrf51_tag_spi0_lis3dh.o
    0x20002160   0x00000020   Zero   RW          429    .bss                nrf51_tag_error.o
    0x20002180   0x00000048   Zero   RW          642    .bss                nrf51_tag_ble_stack.o
    0x200021c8   0x000001c0   Zero   RW          767    .bss                nrf51_tag_timers.o
    0x20002388   0x00000018   Zero   RW          942    .bss                nrf51_tag_connection_settings.o
    0x200023a0   0x00000014   Zero   RW         1064    .bss                nrf51_tag_connection_security.o
    0x200023b4   0x00000030   Zero   RW         1136    .bss                nrf51_tag_advertising.o
    0x200023e4   0x00000020   Zero   RW         1231    .bss                nrf51_tag_whitelist.o
    0x20002404   0x00000066   Zero   RW         1361    .bss                nrf51_tag_authentication_status.o
    0x2000246a   0x00000002   PAD
    0x2000246c   0x00000020   Zero   RW         1601    .bss                nrf51_tag_rtc.o
    0x2000248c   0x00000010   Zero   RW         1655    .bss                nrf51_tag_db.o
    0x2000249c   0x00000038   Zero   RW         1828    .bss                nrf51_tag_status_gatt.o
    0x200024d4   0x00000034   Zero   RW         1983    .bss                nrf51_tag_status_service.o
    0x20002508   0x00000014   Zero   RW         2329    .bss                nrf_drv_clock.o
    0x2000251c   0x00000068   Zero   RW         2631    .bss                fstorage.o
    0x20002584   0x000001ac   Zero   RW         3166    .bss                ble_advertising.o
    0x20002730   0x000004b8   Zero   RW         3590    .bss                segger_rtt.o
    0x20002be8   0x00000800   Zero   RW         2177    STACK               arm_startup_nrf51.o


==============================================================================

Image component sizes


      Code (inc. data)   RO Data    RW Data    ZI Data      Debug   Object Name

        32          4          0          0          0       2680   app_error.o
      2246        322          0         34          0      43630   app_timer.o
       160         22          0         12          0       6294   app_util_platform.o
        56         18        192          0       2048        652   arm_startup_nrf51.o
       228          0          0          0          0       6587   ble400_utils.o
      1874          4          0          0          0      13516   ble_advdata.o
      1296        194          0         48        428       8719   ble_advertising.o
      1182        234          0         74          0       5323   ble_dis.o
        44         10          0          8          0        786   ble_radio_notification.o
        18          0          0          0          0       1240   ble_srv_common.o
        24          4          0          0        104       4160   fstorage.o
       398        178       1408          4          0      99739   main.o
       934        336        320          0         48      26500   nrf51_tag_advertising.o
       224         50          0         40        102       2441   nrf51_tag_authentication_status.o
       516         92        295          4         72       3756   nrf51_tag_ble_stack.o
       100         38          0         15          0       4144   nrf51_tag_config_params.o
         2          0          0          0          0        462   nrf51_tag_connection_parameters.o
       140         56        358          2         20       2619   nrf51_tag_connection_security.o
       676        396        312          3         24       3614   nrf51_tag_connection_settings.o
      1340        578        301         13         16       6347   nrf51_tag_db.o
      2256       1506        133          0          0       3448   nrf51_tag_dbg_ble_on_evt.o
       164         62          7          0          0       1173   nrf51_tag_debug.o
       308        112          0          0         32       1626   nrf51_tag_error.o
       232         64          0          0          0       1835   nrf51_tag_gap_params.o
       116         32          0          0          0       1395   nrf51_tag_initialize.o
       496         94        260          5          0       5102   nrf51_tag_lis3dh.o
       330         28          0          0          0       1048   nrf51_tag_on_ble_evt.o
       278         50        260          0          0       8993   nrf51_tag_on_ble_evt_gap.o
        72          0          0          0          0       3518   nrf51_tag_on_ble_evt_gatt.o
         6          0          0          0          0       1717   nrf51_tag_on_ble_evt_sd.o
       366        120          0          1          0       3723   nrf51_tag_power_manage.o
       712        186          0         31         32       3331   nrf51_tag_rtc.o
      1232        574        305         10          0       2544   nrf51_tag_security_parameters.o
        12          0          0          0          0        464   nrf51_tag_services_init.o
       762         80          0          4          0       9529   nrf51_tag_spi0_lis3dh.o
      2276        304          0          0          0       6111   nrf51_tag_status_characteristic.o
       966        176          0          5         56       8527   nrf51_tag_status_gatt.o
       388        170        276          0         52       4425   nrf51_tag_status_service.o
       308        104         41          0        448       3467   nrf51_tag_timers.o
       104         50         51          1          0       1125   nrf51_tag_tx_power.o
        32         14         19          0          0       2148   nrf51_tag_version.o
        64         10          0          0         32       1918   nrf51_tag_whitelist.o
       374         34          0          0         20      12020   nrf_drv_clock.o
       176         18          0          0          0       7804   nrf_drv_common.o
       540         48          0          0       1208       7366   segger_rtt.o
      1194          4         16          0          0       5953   segger_rtt_printf.o
       866        122         83         24          0      21500   softdevice_handler.o
       348         38          0          4          0       2307   system_nrf51.o

    ----------------------------------------------------------------------
     26514       6536       4688        352       4744     377326   Object Totals
         0          0         32          0          0          0   (incl. Generated)
        46          0         19         10          2          0   (incl. Padding)

    ----------------------------------------------------------------------

      Code (inc. data)   RO Data    RW Data    ZI Data      Debug   Library Member Name

        86          0          0          0          0          0   __dczerorl2.o
         0          0          0          0          0          0   entry.o
         0          0          0          0          0          0   entry10a.o
         0          0          0          0          0          0   entry11a.o
         8          4          0          0          0          0   entry2.o
         4          0          0          0          0          0   entry5.o
         0          0          0          0          0          0   entry7b.o
         0          0          0          0          0          0   entry8b.o
         8          4          0          0          0          0   entry9a.o
        30          0          0          0          0          0   handlers.o
        40          0          0          0          0         72   idiv.o
        36          8          0          0          0         68   init.o
        36          0          0          0          0         60   memcpya.o
        36          0          0          0          0        100   memseta.o
       922         10          0          0          0        384   printf6.o
        18          0          0          0          0         60   strcpy.o
        14          0          0          0          0         60   strlen.o
        44          0          0          0          0         72   uidiv.o
        20          0          0          0          0         60   uread4.o
        18          0          0          0          0         60   uwrite4.o

    ----------------------------------------------------------------------
      1326         26          0          0          0        996   Library Totals
         6          0          0          0          0          0   (incl. Padding)

    ----------------------------------------------------------------------

      Code (inc. data)   RO Data    RW Data    ZI Data      Debug   Library Name

      1320         26          0          0          0        996   mc_p.l

    ----------------------------------------------------------------------
      1326         26          0          0          0        996   Library Totals

    ----------------------------------------------------------------------

==============================================================================


      Code (inc. data)   RO Data    RW Data    ZI Data      Debug   

     27840       6562       4688        352       4744     366270   Grand Totals
     27840       6562       4688         56       4744     366270   ELF Image Totals (compressed)
     27840       6562       4688         56          0          0   ROM Totals

==============================================================================

    Total RO  Size (Code + RO Data)                32528 (  31.77kB)
    Total RW  Size (RW Data + ZI Data)              5096 (   4.98kB)
    Total ROM Size (Code + RO Data + RW Data)      32584 (  31.82kB)

==============================================================================

