<html>
<body>
<pre>
<h1>µVision Build Log</h1>
<h2>Tool Versions:</h2>
IDE-Version: µVision V5.23.0.0
Copyright (C) 2017 ARM Ltd and ARM Germany GmbH. All rights reserved.
License Information: Jeffrey Wedekind, home, LIC=C0DWH-F4B3M-26B9R-3D9Z3-LP21Y-W3ZVP
 
Tool Versions:
Toolchain:       MDK-ARM Standard Cortex-M only  Version: 5.23
Toolchain Path:  C:\Keil_v5\ARM\ARMCC\Bin
C Compiler:      Armcc.exe V5.06 update 4 (build 422)
Assembler:       Armasm.exe V5.06 update 4 (build 422)
Linker/Locator:  ArmLink.exe V5.06 update 4 (build 422)
Library Manager: ArmAr.exe V5.06 update 4 (build 422)
Hex Converter:   FromElf.exe V5.06 update 4 (build 422)
CPU DLL:         SARMCM3.DLL V5.23
Dialog DLL:      DARMCM1.DLL V1.17.0.0
Target DLL:      Segger\JL2CM3.dll V2.99.23.0
Dialog DLL:      TARMCM1.DLL V1.12.0.0
 
<h2>Project:</h2>
D:\RemoteInsights\Apps\RI-tag\RI-tag.uvprojx
Project File Date:  05/04/2017

<h2>Output:</h2>
*** Using Compiler 'V5.06 update 4 (build 422)', folder: 'C:\Keil_v5\ARM\ARMCC\Bin'
Build target 'nrf51822_xxAA'
compiling main.c...
compiling nrf51_tag_ble_stack.c...
compiling nrf51_tag_initialize.c...
compiling nrf51_tag_connection_parameters.c...
compiling nrf51_tag_gap_params.c...
compiling nrf51_tag_radio_notification.c...
compiling nrf51_tag_security_parameters.c...
compiling nrf51_tag_connection_settings.c...
compiling nrf51_tag_terminate_connection.c...
compiling nrf51_tag_advertising.c...
compiling nrf51_tag_connection_security.c...
compiling nrf51_tag_whitelist.c...
compiling nrf51_tag_dbg_ble_on_evt.c...
compiling nrf51_tag_authentication_status.c...
compiling nrf51_tag_on_ble_evt.c...
compiling nrf51_tag_on_ble_evt_gatt.c...
compiling nrf51_tag_on_ble_evt_gap.c...
compiling nrf51_tag_on_ble_evt_sd.c...
compiling nrf51_tag_services_init.c...
compiling nrf51_tag_rtc.c...
compiling nrf51_tag_db.c...
Source\nrf51_tag_db.c(26): warning:  #550-D: variable "s_database_page_erased"  was set but never used
  static uint8_t s_database_page_erased = 0;
Source\nrf51_tag_db.c(27): warning:  #550-D: variable "s_database_write_complete"  was set but never used
  static uint8_t s_database_write_complete = 0;
Source\nrf51_tag_db.c: 2 warnings, 0 errors
compiling nrf51_tag_status_service.c...
compiling nrf51_tag_status_characteristic.c...
compiling nrf51_tag_status_gatt.c...
Source\nrf51_tag_status_gatt.c(12): warning:  #550-D: variable "s_entry_count"  was set but never used
  static uint32_t s_entry_count = 0; 
Source\nrf51_tag_status_gatt.c(16): warning:  #550-D: variable "s_activity_read_records"  was set but never used
  static ble_tag_status_activity_read_records_t s_activity_read_records = {0};
Source\nrf51_tag_status_gatt.c: 2 warnings, 0 errors
compiling nrf51_tag_config_params.c...
compiling nrf51_tag_lis3dh.c...
Source\nrf51_tag_lis3dh.c(28): warning:  #177-D: function "nrf51_tag_lis3dh_reg_dump"  was declared but never referenced
  static void nrf51_tag_lis3dh_reg_dump(void)
Source\nrf51_tag_lis3dh.c(46): warning:  #177-D: function "nrf51_tag_lis3dh_reset_reg_dump"  was declared but never referenced
  static void nrf51_tag_lis3dh_reset_reg_dump(void)
Source\nrf51_tag_lis3dh.c: 2 warnings, 0 errors
compiling nrf51_tag_spi0_lis3dh.c...
linking...
Program Size: Code=27840 RO-data=4688 RW-data=352 ZI-data=4744  
FromELF: creating hex file...
".\_build\RI-tag.axf" - 0 Error(s), 6 Warning(s).

<h2>Collection of Component include folders:</h2>
  .\RTE\_nrf51822_xxAA
  C:\Keil_v5\ARM\PACK\NordicSemiconductor\nRF_DeviceFamilyPack\8.12.0\Device\Include

<h2>Collection of Component Files used:</h2>
Build Time Elapsed:  00:00:05
</pre>
</body>
</html>
